Component: ARM Compiler 5.06 update 6 (build 750) Tool: armlink [4d35ed]

==============================================================================

Section Cross References

    systick.o(i.SysTick_Wait10ms) refers to systick.o(i.SysTick_Wait) for SysTick_Wait
    vl53l1_platform_2dx4.o(i.VL53L1_RdByte) refers to vl53l1_platform_2dx4.o(i.beginTxI2C) for beginTxI2C
    vl53l1_platform_2dx4.o(i.VL53L1_RdByte) refers to vl53l1_platform_2dx4.o(i.writeRegisterIndex) for writeRegisterIndex
    vl53l1_platform_2dx4.o(i.VL53L1_RdByte) refers to vl53l1_platform_2dx4.o(i.beginRxI2C) for beginRxI2C
    vl53l1_platform_2dx4.o(i.VL53L1_RdByte) refers to vl53l1_platform_2dx4.o(i.readI2C) for readI2C
    vl53l1_platform_2dx4.o(i.VL53L1_RdDWord) refers to vl53l1_platform_2dx4.o(i.beginTxI2C) for beginTxI2C
    vl53l1_platform_2dx4.o(i.VL53L1_RdDWord) refers to vl53l1_platform_2dx4.o(i.writeRegisterIndex) for writeRegisterIndex
    vl53l1_platform_2dx4.o(i.VL53L1_RdDWord) refers to vl53l1_platform_2dx4.o(i.beginRxI2C) for beginRxI2C
    vl53l1_platform_2dx4.o(i.VL53L1_RdDWord) refers to vl53l1_platform_2dx4.o(i.readI2C) for readI2C
    vl53l1_platform_2dx4.o(i.VL53L1_RdWord) refers to vl53l1_platform_2dx4.o(i.beginTxI2C) for beginTxI2C
    vl53l1_platform_2dx4.o(i.VL53L1_RdWord) refers to vl53l1_platform_2dx4.o(i.writeRegisterIndex) for writeRegisterIndex
    vl53l1_platform_2dx4.o(i.VL53L1_RdWord) refers to vl53l1_platform_2dx4.o(i.beginRxI2C) for beginRxI2C
    vl53l1_platform_2dx4.o(i.VL53L1_RdWord) refers to vl53l1_platform_2dx4.o(i.readI2C) for readI2C
    vl53l1_platform_2dx4.o(i.VL53L1_ReadMulti) refers to vl53l1_platform_2dx4.o(i.beginTxI2C) for beginTxI2C
    vl53l1_platform_2dx4.o(i.VL53L1_ReadMulti) refers to vl53l1_platform_2dx4.o(i.writeRegisterIndex) for writeRegisterIndex
    vl53l1_platform_2dx4.o(i.VL53L1_ReadMulti) refers to vl53l1_platform_2dx4.o(i.beginRxI2C) for beginRxI2C
    vl53l1_platform_2dx4.o(i.VL53L1_ReadMulti) refers to vl53l1_platform_2dx4.o(i.readI2C) for readI2C
    vl53l1_platform_2dx4.o(i.VL53L1_WaitMs) refers to systick.o(i.SysTick_Wait) for SysTick_Wait
    vl53l1_platform_2dx4.o(i.VL53L1_WrByte) refers to vl53l1_platform_2dx4.o(i.beginTxI2C) for beginTxI2C
    vl53l1_platform_2dx4.o(i.VL53L1_WrByte) refers to vl53l1_platform_2dx4.o(i.writeRegisterIndex_nostop) for writeRegisterIndex_nostop
    vl53l1_platform_2dx4.o(i.VL53L1_WrByte) refers to vl53l1_platform_2dx4.o(i.writeI2C) for writeI2C
    vl53l1_platform_2dx4.o(i.VL53L1_WrDWord) refers to vl53l1_platform_2dx4.o(i.beginTxI2C) for beginTxI2C
    vl53l1_platform_2dx4.o(i.VL53L1_WrDWord) refers to vl53l1_platform_2dx4.o(i.writeRegisterIndex) for writeRegisterIndex
    vl53l1_platform_2dx4.o(i.VL53L1_WrDWord) refers to vl53l1_platform_2dx4.o(i.writeI2C) for writeI2C
    vl53l1_platform_2dx4.o(i.VL53L1_WrWord) refers to vl53l1_platform_2dx4.o(i.beginTxI2C) for beginTxI2C
    vl53l1_platform_2dx4.o(i.VL53L1_WrWord) refers to vl53l1_platform_2dx4.o(i.writeRegisterIndex) for writeRegisterIndex
    vl53l1_platform_2dx4.o(i.VL53L1_WrWord) refers to vl53l1_platform_2dx4.o(i.writeI2C) for writeI2C
    vl53l1_platform_2dx4.o(i.VL53L1_WriteMulti) refers to vl53l1_platform_2dx4.o(i.beginTxI2C) for beginTxI2C
    vl53l1_platform_2dx4.o(i.VL53L1_WriteMulti) refers to vl53l1_platform_2dx4.o(i.writeRegisterIndex) for writeRegisterIndex
    vl53l1_platform_2dx4.o(i.VL53L1_WriteMulti) refers to vl53l1_platform_2dx4.o(i.writeI2C) for writeI2C
    vl53l1_platform_2dx4.o(i.readI2C) refers to onboardleds.o(i.FlashI2CRx) for FlashI2CRx
    vl53l1_platform_2dx4.o(i.readI2C) refers to onboardleds.o(i.FlashI2CError) for FlashI2CError
    vl53l1_platform_2dx4.o(i.writeI2C) refers to onboardleds.o(i.FlashI2CTx) for FlashI2CTx
    vl53l1_platform_2dx4.o(i.writeI2C) refers to onboardleds.o(i.FlashI2CError) for FlashI2CError
    vl53l1_platform_2dx4.o(i.writeRegisterIndex) refers to onboardleds.o(i.FlashI2CTx) for FlashI2CTx
    vl53l1_platform_2dx4.o(i.writeRegisterIndex) refers to onboardleds.o(i.FlashI2CError) for FlashI2CError
    vl53l1_platform_2dx4.o(i.writeRegisterIndex_nostop) refers to onboardleds.o(i.FlashI2CTx) for FlashI2CTx
    vl53l1_platform_2dx4.o(i.writeRegisterIndex_nostop) refers to onboardleds.o(i.FlashI2CError) for FlashI2CError
    vl53l1x_api.o(i.VL53L1X_BootState) refers to vl53l1_platform_2dx4.o(i.VL53L1_RdByte) for VL53L1_RdByte
    vl53l1x_api.o(i.VL53L1X_CheckForDataReady) refers to vl53l1x_api.o(i.VL53L1X_GetInterruptPolarity) for VL53L1X_GetInterruptPolarity
    vl53l1x_api.o(i.VL53L1X_CheckForDataReady) refers to vl53l1_platform_2dx4.o(i.VL53L1_RdByte) for VL53L1_RdByte
    vl53l1x_api.o(i.VL53L1X_ClearInterrupt) refers to vl53l1_platform_2dx4.o(i.VL53L1_WrByte) for VL53L1_WrByte
    vl53l1x_api.o(i.VL53L1X_GetAmbientPerSpad) refers to vl53l1_platform_2dx4.o(i.VL53L1_RdWord) for VL53L1_RdWord
    vl53l1x_api.o(i.VL53L1X_GetAmbientPerSpad) refers to dflt_clz.o(x$fpl$dfltu) for __aeabi_ui2d
[...]
    2dx4_ds90-1.o(i.main) refers to onboardleds.o(i.FlashLED4) for FlashLED4
    2dx4_ds90-1.o(i.main) refers to vl53l1x_api.o(i.VL53L1X_StopRanging) for VL53L1X_StopRanging
    2dx4_ds90-1.o(i.main) refers to 2dx4_ds90-1.o(.bss) for printf_buffer
    2dx4_ds90-1.o(i.main) refers to 2dx4_ds90-1.o(.data) for dev
    startup_msp432e401y_uvision.o(STACK) refers (Special) to heapauxi.o(.text) for __use_two_region_memory
    startup_msp432e401y_uvision.o(HEAP) refers (Special) to heapauxi.o(.text) for __use_two_region_memory
    startup_msp432e401y_uvision.o(RESET) refers (Special) to heapauxi.o(.text) for __use_two_region_memory
    startup_msp432e401y_uvision.o(RESET) refers to startup_msp432e401y_uvision.o(STACK) for __initial_sp
    startup_msp432e401y_uvision.o(RESET) refers to startup_msp432e401y_uvision.o(.text) for Reset_Handler
    startup_msp432e401y_uvision.o(.text) refers (Special) to heapauxi.o(.text) for __use_two_region_memory
    startup_msp432e401y_uvision.o(.text) refers to system_msp432e401y.o(i.SystemInit) for SystemInit
    startup_msp432e401y_uvision.o(.text) refers to __main.o(!!!main) for __main
    startup_msp432e401y_uvision.o(.text) refers to startup_msp432e401y_uvision.o(HEAP) for Heap_Mem
    startup_msp432e401y_uvision.o(.text) refers to startup_msp432e401y_uvision.o(STACK) for Stack_Mem
    system_msp432e401y.o(i.SystemCoreClockUpdate) refers to system_msp432e401y.o(.data) for SystemCoreClock
    system_msp432e401y.o(i.SystemInit) refers to system_msp432e401y.o(.data) for SystemCoreClock
    __2sprintf.o(.text) refers to _printf_char_common.o(.text) for _printf_char_common
    __2sprintf.o(.text) refers to _sputc.o(.text) for _sputc
    noretval__2sprintf.o(.text) refers to _printf_char_common.o(.text) for _printf_char_common
    noretval__2sprintf.o(.text) refers to _sputc.o(.text) for _sputc
    __printf.o(.text) refers to _printf_percent.o(.ARM.Collect$$_printf_percent$$00000000) for _printf_percent
    _printf_dec.o(.text) refers to _printf_intcommon.o(.text) for _printf_int_common
    _printf_hex_ll.o(.text) refers to _printf_intcommon.o(.text) for _printf_int_common
    _printf_hex_ll.o(.text) refers to _printf_hex_ll.o(.constdata) for .constdata
    _printf_hex_int.o(.text) refers to _printf_intcommon.o(.text) for _printf_int_common
    _printf_hex_int.o(.text) refers to _printf_hex_int.o(.constdata) for .constdata
    _printf_hex_int_ll.o(.text) refers to _printf_intcommon.o(.text) for _printf_int_common
    _printf_hex_int_ll.o(.text) refers to _printf_hex_int_ll.o(.constdata) for .constdata
    _printf_hex_ptr.o(.text) refers to _printf_intcommon.o(.text) for _printf_int_common
    _printf_hex_ptr.o(.text) refers to _printf_hex_ptr.o(.constdata) for .constdata
    _printf_hex_int_ptr.o(.text) refers to _printf_intcommon.o(.text) for _printf_int_common
    _printf_hex_int_ptr.o(.text) refers to _printf_hex_int_ptr.o(.constdata) for .constdata
    _printf_hex_ll_ptr.o(.text) refers to _printf_intcommon.o(.text) for _printf_int_common
    _printf_hex_ll_ptr.o(.text) refers to _printf_hex_ll_ptr.o(.constdata) for .constdata
    _printf_hex_int_ll_ptr.o(.text) refers to _printf_intcommon.o(.text) for _printf_int_common
    _printf_hex_int_ll_ptr.o(.text) refers to _printf_hex_int_ll_ptr.o(.constdata) for .constdata
    __printf_flags.o(.text) refers to _printf_percent.o(.ARM.Collect$$_printf_percent$$00000000) for _printf_percent
    __printf_flags.o(.text) refers to __printf_flags.o(.constdata) for .constdata
    __printf_ss.o(.text) refers to _printf_percent.o(.ARM.Collect$$_printf_percent$$00000000) for _printf_percent
    __printf_flags_ss.o(.text) refers to _printf_percent.o(.ARM.Collect$$_printf_percent$$00000000) for _printf_percent
    __printf_flags_ss.o(.text) refers to __printf_flags_ss.o(.constdata) for .constdata
    __printf_wp.o(.text) refers to __printf_wp.o(i._is_digit) for _is_digit
    __printf_wp.o(.text) refers to _printf_percent.o(.ARM.Collect$$_printf_percent$$00000000) for _printf_percent
    __printf_flags_wp.o(.text) refers to __printf_wp.o(i._is_digit) for _is_digit
    __printf_flags_wp.o(.text) refers to _printf_percent.o(.ARM.Collect$$_printf_percent$$00000000) for _printf_percent
    __printf_flags_wp.o(.text) refers to __printf_flags_wp.o(.constdata) for .constdata
    __printf_ss_wp.o(.text) refers to __printf_wp.o(i._is_digit) for _is_digit
    __printf_ss_wp.o(.text) refers to _printf_percent.o(.ARM.Collect$$_printf_percent$$00000000) for _printf_percent
    __printf_flags_ss_wp.o(.text) refers to __printf_wp.o(i._is_digit) for _is_digit
    __printf_flags_ss_wp.o(.text) refers to _printf_percent.o(.ARM.Collect$$_printf_percent$$00000000) for _printf_percent
    __printf_flags_ss_wp.o(.text) refers to __printf_flags_ss_wp.o(.constdata) for .constdata
    _printf_x.o(.ARM.Collect$$_printf_percent$$0000000C) refers (Weak) to _printf_hex_int.o(.text) for _printf_int_hex
    _printf_d.o(.ARM.Collect$$_printf_percent$$00000009) refers (Weak) to _printf_dec.o(.text) for _printf_int_dec
    _printf_u.o(.ARM.Collect$$_printf_percent$$0000000A) refers (Weak) to _printf_dec.o(.text) for _printf_int_dec
    _printf_percent.o(.ARM.Collect$$_printf_percent$$00000000) refers (Special) to _printf_percent_end.o(.ARM.Collect$$_printf_percent$$00000017) for _printf_percent_end
    __main.o(!!!main) refers to __rtentry.o(.ARM.Collect$$rtentry$$00000000) for __rt_entry
    ddiv.o(x$fpl$drdiv) refers (Special) to usenofp.o(x$fpl$usenofp) for __I$use$fp
    ddiv.o(x$fpl$drdiv) refers to ddiv.o(x$fpl$ddiv) for ddiv_entry
    ddiv.o(x$fpl$ddiv) refers (Special) to usenofp.o(x$fpl$usenofp) for __I$use$fp
    ddiv.o(x$fpl$ddiv) refers to dretinf.o(x$fpl$dretinf) for __fpl_dretinf
    ddiv.o(x$fpl$ddiv) refers to dnaninf.o(x$fpl$dnaninf) for __fpl_dnaninf
    dfixu.o(x$fpl$dfixu) refers (Special) to usenofp.o(x$fpl$usenofp) for __I$use$fp
    dfixu.o(x$fpl$dfixu) refers to dnaninf.o(x$fpl$dnaninf) for __fpl_dnaninf
    dfixu.o(x$fpl$dfixur) refers (Special) to usenofp.o(x$fpl$usenofp) for __I$use$fp
    dfixu.o(x$fpl$dfixur) refers to dnaninf.o(x$fpl$dnaninf) for __fpl_dnaninf
    dflt_clz.o(x$fpl$dfltu) refers (Special) to usenofp.o(x$fpl$usenofp) for __I$use$fp
    dflt_clz.o(x$fpl$dflt) refers (Special) to usenofp.o(x$fpl$usenofp) for __I$use$fp
    dflt_clz.o(x$fpl$dfltn) refers (Special) to usenofp.o(x$fpl$usenofp) for __I$use$fp
    dmul.o(x$fpl$dmul) refers (Special) to usenofp.o(x$fpl$usenofp) for __I$use$fp
    dmul.o(x$fpl$dmul) refers to dretinf.o(x$fpl$dretinf) for __fpl_dretinf
    dmul.o(x$fpl$dmul) refers to dnaninf.o(x$fpl$dnaninf) for __fpl_dnaninf
    __rtentry.o(.ARM.Collect$$rtentry$$00000000) refers (Special) to __rtentry2.o(.ARM.Collect$$rtentry$$0000000A) for __rt_entry_li
    __rtentry.o(.ARM.Collect$$rtentry$$00000000) refers (Special) to __rtentry2.o(.ARM.Collect$$rtentry$$0000000D) for __rt_entry_main
    __rtentry.o(.ARM.Collect$$rtentry$$00000000) refers (Special) to __rtentry2.o(.ARM.Collect$$rtentry$$0000000C) for __rt_entry_postli_1
    __rtentry.o(.ARM.Collect$$rtentry$$00000000) refers (Special) to __rtentry2.o(.ARM.Collect$$rtentry$$00000009) for __rt_entry_postsh_1
    __rtentry.o(.ARM.Collect$$rtentry$$00000000) refers (Special) to __rtentry2.o(.ARM.Collect$$rtentry$$00000002) for __rt_entry_presh_1
    __rtentry.o(.ARM.Collect$$rtentry$$00000000) refers (Special) to __rtentry4.o(.ARM.Collect$$rtentry$$00000004) for __rt_entry_sh
    _printf_char_common.o(.text) refers to __printf.o(.text) for __printf
    dnaninf.o(x$fpl$dnaninf) refers (Special) to usenofp.o(x$fpl$usenofp) for __I$use$fp
    dretinf.o(x$fpl$dretinf) refers (Special) to usenofp.o(x$fpl$usenofp) for __I$use$fp
    __rtentry2.o(.ARM.Collect$$rtentry$$00000008) refers to boardinit2.o(.text) for _platform_post_stackheap_init
    __rtentry2.o(.ARM.Collect$$rtentry$$0000000A) refers to libinit.o(.ARM.Collect$$libinit$$00000000) for __rt_lib_init
    __rtentry2.o(.ARM.Collect$$rtentry$$0000000B) refers to boardinit3.o(.text) for _platform_post_lib_init
    __rtentry2.o(.ARM.Collect$$rtentry$$0000000D) refers to 2dx4_ds90-1.o(i.main) for main
    __rtentry2.o(.ARM.Collect$$rtentry$$0000000D) refers to exit.o(.text) for exit
    __rtentry2.o(.ARM.exidx) refers to __rtentry2.o(.ARM.Collect$$rtentry$$00000001) for .ARM.Collect$$rtentry$$00000001
    __rtentry2.o(.ARM.exidx) refers to __rtentry2.o(.ARM.Collect$$rtentry$$00000008) for .ARM.Collect$$rtentry$$00000008
    __rtentry2.o(.ARM.exidx) refers to __rtentry2.o(.ARM.Collect$$rtentry$$0000000A) for .ARM.Collect$$rtentry$$0000000A
    __rtentry2.o(.ARM.exidx) refers to __rtentry2.o(.ARM.Collect$$rtentry$$0000000B) for .ARM.Collect$$rtentry$$0000000B
    __rtentry2.o(.ARM.exidx) refers to __rtentry2.o(.ARM.Collect$$rtentry$$0000000D) for .ARM.Collect$$rtentry$$0000000D
    __rtentry4.o(.ARM.Collect$$rtentry$$00000004) refers to sys_stackheap_outer.o(.text) for __user_setup_stackheap
    __rtentry4.o(.ARM.exidx) refers to __rtentry4.o(.ARM.Collect$$rtentry$$00000004) for .ARM.Collect$$rtentry$$00000004
    sys_stackheap_outer.o(.text) refers to libspace.o(.text) for __user_perproc_libspace
    sys_stackheap_outer.o(.text) refers to startup_msp432e401y_uvision.o(.text) for __user_initial_stackheap
    exit.o(.text) refers to rtexit.o(.ARM.Collect$$rtexit$$00000000) for __rt_exit
    libinit.o(.ARM.Collect$$libinit$$00000000) refers (Special) to libinit2.o(.ARM.Collect$$libinit$$0000002E) for __rt_lib_init_alloca_1
    libinit.o(.ARM.Collect$$libinit$$00000000) refers (Special) to libinit2.o(.ARM.Collect$$libinit$$0000002C) for __rt_lib_init_argv_1
    libinit.o(.ARM.Collect$$libinit$$00000000) refers (Special) to libinit2.o(.ARM.Collect$$libinit$$0000001B) for __rt_lib_init_atexit_1
    libinit.o(.ARM.Collect$$libinit$$00000000) refers (Special) to libinit2.o(.ARM.Collect$$libinit$$00000021) for __rt_lib_init_clock_1
    libinit.o(.ARM.Collect$$libinit$$00000000) refers (Special) to libinit2.o(.ARM.Collect$$libinit$$00000032) for __rt_lib_init_cpp_1
    libinit.o(.ARM.Collect$$libinit$$00000000) refers (Special) to libinit2.o(.ARM.Collect$$libinit$$00000030) for __rt_lib_init_exceptions_1
    libinit.o(.ARM.Collect$$libinit$$00000000) refers (Special) to libinit2.o(.ARM.Collect$$libinit$$00000001) for __rt_lib_init_fp_1
    libinit.o(.ARM.Collect$$libinit$$00000000) refers (Special) to libinit2.o(.ARM.Collect$$libinit$$0000001F) for __rt_lib_init_fp_trap_1
    libinit.o(.ARM.Collect$$libinit$$00000000) refers (Special) to libinit2.o(.ARM.Collect$$libinit$$00000023) for __rt_lib_init_getenv_1
    libinit.o(.ARM.Collect$$libinit$$00000000) refers (Special) to libinit2.o(.ARM.Collect$$libinit$$0000000A) for __rt_lib_init_heap_1
    libinit.o(.ARM.Collect$$libinit$$00000000) refers (Special) to libinit2.o(.ARM.Collect$$libinit$$00000011) for __rt_lib_init_lc_collate_1
    libinit.o(.ARM.Collect$$libinit$$00000000) refers (Special) to libinit2.o(.ARM.Collect$$libinit$$00000013) for __rt_lib_init_lc_ctype_1
    libinit.o(.ARM.Collect$$libinit$$00000000) refers (Special) to libinit2.o(.ARM.Collect$$libinit$$00000015) for __rt_lib_init_lc_monetary_1
    libinit.o(.ARM.Collect$$libinit$$00000000) refers (Special) to libinit2.o(.ARM.Collect$$libinit$$00000017) for __rt_lib_init_lc_numeric_1
    libinit.o(.ARM.Collect$$libinit$$00000000) refers (Special) to libinit2.o(.ARM.Collect$$libinit$$00000019) for __rt_lib_init_lc_time_1
    libinit.o(.ARM.Collect$$libinit$$00000000) refers (Special) to libinit2.o(.ARM.Collect$$libinit$$00000004) for __rt_lib_init_preinit_1
    libinit.o(.ARM.Collect$$libinit$$00000000) refers (Special) to libinit2.o(.ARM.Collect$$libinit$$0000000E) for __rt_lib_init_rand_1
    libinit.o(.ARM.Collect$$libinit$$00000000) refers (Special) to libinit2.o(.ARM.Collect$$libinit$$00000033) for __rt_lib_init_return
    libinit.o(.ARM.Collect$$libinit$$00000000) refers (Special) to libinit2.o(.ARM.Collect$$libinit$$0000001D) for __rt_lib_init_signal_1
    libinit.o(.ARM.Collect$$libinit$$00000000) refers (Special) to libinit2.o(.ARM.Collect$$libinit$$00000025) for __rt_lib_init_stdio_1
    libinit.o(.ARM.Collect$$libinit$$00000000) refers (Special) to libinit2.o(.ARM.Collect$$libinit$$0000000C) for __rt_lib_init_user_alloc_1
    libspace.o(.text) refers to libspace.o(.bss) for __libspace_start
    rtexit.o(.ARM.Collect$$rtexit$$00000000) refers (Special) to rtexit2.o(.ARM.Collect$$rtexit$$00000004) for __rt_exit_exit
    rtexit.o(.ARM.Collect$$rtexit$$00000000) refers (Special) to rtexit2.o(.ARM.Collect$$rtexit$$00000003) for __rt_exit_ls
    rtexit.o(.ARM.Collect$$rtexit$$00000000) refers (Special) to rtexit2.o(.ARM.Collect$$rtexit$$00000002) for __rt_exit_prels_1
    rtexit.o(.ARM.exidx) refers (Special) to rtexit2.o(.ARM.Collect$$rtexit$$00000004) for __rt_exit_exit
    rtexit.o(.ARM.exidx) refers (Special) to rtexit2.o(.ARM.Collect$$rtexit$$00000003) for __rt_exit_ls
    rtexit.o(.ARM.exidx) refers (Special) to rtexit2.o(.ARM.Collect$$rtexit$$00000002) for __rt_exit_prels_1
    rtexit.o(.ARM.exidx) refers to rtexit.o(.ARM.Collect$$rtexit$$00000000) for .ARM.Collect$$rtexit$$00000000
    libinit2.o(.ARM.Collect$$libinit$$00000001) refers to fpinit.o(x$fpl$fpinit) for _fp_init
    libinit2.o(.ARM.Collect$$libinit$$00000010) refers to libinit2.o(.ARM.Collect$$libinit$$0000000F) for .ARM.Collect$$libinit$$0000000F
    libinit2.o(.ARM.Collect$$libinit$$00000012) refers to libinit2.o(.ARM.Collect$$libinit$$0000000F) for .ARM.Collect$$libinit$$0000000F
    libinit2.o(.ARM.Collect$$libinit$$00000014) refers to libinit2.o(.ARM.Collect$$libinit$$0000000F) for .ARM.Collect$$libinit$$0000000F
    libinit2.o(.ARM.Collect$$libinit$$00000016) refers to libinit2.o(.ARM.Collect$$libinit$$0000000F) for .ARM.Collect$$libinit$$0000000F
    libinit2.o(.ARM.Collect$$libinit$$00000018) refers to libinit2.o(.ARM.Collect$$libinit$$0000000F) for .ARM.Collect$$libinit$$0000000F
    libinit2.o(.ARM.Collect$$libinit$$00000026) refers to argv_veneer.o(.emb_text) for __ARM_argv_veneer
    libinit2.o(.ARM.Collect$$libinit$$00000027) refers to argv_veneer.o(.emb_text) for __ARM_argv_veneer
    rtexit2.o(.ARM.Collect$$rtexit$$00000003) refers to libshutdown.o(.ARM.Collect$$libshutdown$$00000000) for __rt_lib_shutdown
    rtexit2.o(.ARM.Collect$$rtexit$$00000004) refers to sys_exit.o(.text) for _sys_exit
    rtexit2.o(.ARM.exidx) refers to rtexit2.o(.ARM.Collect$$rtexit$$00000001) for .ARM.Collect$$rtexit$$00000001
    rtexit2.o(.ARM.exidx) refers to rtexit2.o(.ARM.Collect$$rtexit$$00000003) for .ARM.Collect$$rtexit$$00000003
    rtexit2.o(.ARM.exidx) refers to rtexit2.o(.ARM.Collect$$rtexit$$00000004) for .ARM.Collect$$rtexit$$00000004
    argv_veneer.o(.emb_text) refers to no_argv.o(.text) for __ARM_get_argv
    sys_exit.o(.text) refers (Special) to use_no_semi.o(.text) for __I$use$semihosting
    sys_exit.o(.text) refers (Special) to indicate_semi.o(.text) for __semihosting_library_function
    _get_argv_nomalloc.o(.text) refers (Special) to hrguard.o(.text) for __heap_region$guard
    _get_argv_nomalloc.o(.text) refers to defsig_rtmem_outer.o(.text) for __rt_SIGRTMEM
    _get_argv_nomalloc.o(.text) refers to sys_command.o(.text) for _sys_command_string
    libshutdown.o(.ARM.Collect$$libshutdown$$00000000) refers (Special) to libshutdown2.o(.ARM.Collect$$libshutdown$$00000002) for __rt_lib_shutdown_cpp_1
    libshutdown.o(.ARM.Collect$$libshutdown$$00000000) refers (Special) to libshutdown2.o(.ARM.Collect$$libshutdown$$00000007) for __rt_lib_shutdown_fp_trap_1
    libshutdown.o(.ARM.Collect$$libshutdown$$00000000) refers (Special) to libshutdown2.o(.ARM.Collect$$libshutdown$$0000000F) for __rt_lib_shutdown_heap_1
    libshutdown.o(.ARM.Collect$$libshutdown$$00000000) refers (Special) to libshutdown2.o(.ARM.Collect$$libshutdown$$00000010) for __rt_lib_shutdown_return
    libshutdown.o(.ARM.Collect$$libshutdown$$00000000) refers (Special) to libshutdown2.o(.ARM.Collect$$libshutdown$$0000000A) for __rt_lib_shutdown_signal_1
    libshutdown.o(.ARM.Collect$$libshutdown$$00000000) refers (Special) to libshutdown2.o(.ARM.Collect$$libshutdown$$00000004) for __rt_lib_shutdown_stdio_1
    libshutdown.o(.ARM.Collect$$libshutdown$$00000000) refers (Special) to libshutdown2.o(.ARM.Collect$$libshutdown$$0000000C) for __rt_lib_shutdown_user_alloc_1
    sys_command.o(.text) refers (Special) to use_no_semi.o(.text) for __I$use$semihosting
    sys_command.o(.text) refers (Special) to indicate_semi.o(.text) for __semihosting_library_function
    defsig_rtmem_outer.o(.text) refers to defsig_rtmem_inner.o(.text) for __rt_SIGRTMEM_inner
    defsig_rtmem_outer.o(.text) refers to defsig_exit.o(.text) for __sig_exit
    defsig_rtmem_formal.o(.text) refers to rt_raise.o(.text) for __rt_raise
    rt_raise.o(.text) refers to __raise.o(.text) for __raise
    rt_raise.o(.text) refers to sys_exit.o(.text) for _sys_exit
    defsig_exit.o(.text) refers to sys_exit.o(.text) for _sys_exit
    defsig_rtmem_inner.o(.text) refers to defsig_general.o(.text) for __default_signal_display
    __raise.o(.text) refers to defsig.o(CL$$defsig) for __default_signal_handler
    defsig_general.o(.text) refers to sys_wrch.o(.text) for _ttywrch
    sys_wrch.o(.text) refers (Special) to use_no_semi.o(.text) for __I$use$semihosting
    sys_wrch.o(.text) refers (Special) to indicate_semi.o(.text) for __semihosting_library_function
    defsig.o(CL$$defsig) refers to defsig_rtmem_inner.o(.text) for __rt_SIGRTMEM_inner
    defsig_abrt_inner.o(.text) refers to defsig_general.o(.text) for __default_signal_display
    defsig_fpe_inner.o(.text) refers to defsig_general.o(.text) for __default_signal_display
    defsig_rtred_inner.o(.text) refers to defsig_general.o(.text) for __default_signal_display
    defsig_stak_inner.o(.text) refers to defsig_general.o(.text) for __default_signal_display
    defsig_pvfn_inner.o(.text) refers to defsig_general.o(.text) for __default_signal_display
    defsig_cppl_inner.o(.text) refers to defsig_general.o(.text) for __default_signal_display
    defsig_segv_inner.o(.text) refers to defsig_general.o(.text) for __default_signal_display
    defsig_other.o(.text) refers to defsig_general.o(.text) for __default_signal_display


==============================================================================

Removing Unused input sections from the image.

    Removing vl53l1_platform_2dx4.o(i.VL53L1_RdDWord), (86 bytes).
    Removing vl53l1_platform_2dx4.o(i.VL53L1_ReadMulti), (58 bytes).
    Removing vl53l1_platform_2dx4.o(i.VL53L1_WrDWord), (30 bytes).
    Removing vl53l1_platform_2dx4.o(i.VL53L1_WrWord), (48 bytes).
    Removing vl53l1_platform_2dx4.o(i.VL53L1_WriteMulti), (38 bytes).
    Removing vl53l1_platform_2dx4.o(.bss), (256 bytes).
    Removing vl53l1x_api.o(i.VL53L1X_GetAmbientPerSpad), (120 bytes).
    Removing vl53l1x_api.o(i.VL53L1X_GetAmbientRate), (38 bytes).
    Removing vl53l1x_api.o(i.VL53L1X_GetDistanceMode), (48 bytes).
    Removing vl53l1x_api.o(i.VL53L1X_GetDistanceThresholdHigh), (30 bytes).
    Removing vl53l1x_api.o(i.VL53L1X_GetDistanceThresholdLow), (30 bytes).
    Removing vl53l1x_api.o(i.VL53L1X_GetDistanceThresholdWindow), (34 bytes).
    Removing vl53l1x_api.o(i.VL53L1X_GetInterMeasurementInMs), (128 bytes).
    Removing vl53l1x_api.o(i.VL53L1X_GetOffset), (54 bytes).
    Removing vl53l1x_api.o(i.VL53L1X_GetROICenter), (30 bytes).
    Removing vl53l1x_api.o(i.VL53L1X_GetROI_XY), (50 bytes).
    Removing vl53l1x_api.o(i.VL53L1X_GetResult), (120 bytes).
    Removing vl53l1x_api.o(i.VL53L1X_GetSWVersion), (18 bytes).
    Removing vl53l1x_api.o(i.VL53L1X_GetSigmaThreshold), (32 bytes).
    Removing vl53l1x_api.o(i.VL53L1X_GetSignalPerSpad), (120 bytes).
    Removing vl53l1x_api.o(i.VL53L1X_GetSignalRate), (38 bytes).
    Removing vl53l1x_api.o(i.VL53L1X_GetSignalThreshold), (38 bytes).
    Removing vl53l1x_api.o(i.VL53L1X_GetSpadNb), (32 bytes).
    Removing vl53l1x_api.o(i.VL53L1X_GetTimingBudgetInMs), (174 bytes).
    Removing vl53l1x_api.o(i.VL53L1X_GetXtalk), (38 bytes).
    Removing vl53l1x_api.o(i.VL53L1X_SetDistanceMode), (214 bytes).
    Removing vl53l1x_api.o(i.VL53L1X_SetDistanceThreshold), (130 bytes).
    Removing vl53l1x_api.o(i.VL53L1X_SetI2CAddress), (24 bytes).
    Removing vl53l1x_api.o(i.VL53L1X_SetInterMeasurementInMs), (104 bytes).
    Removing vl53l1x_api.o(i.VL53L1X_SetInterruptPolarity), (60 bytes).
    Removing vl53l1x_api.o(i.VL53L1X_SetOffset), (50 bytes).
    Removing vl53l1x_api.o(i.VL53L1X_SetROI), (86 bytes).
    Removing vl53l1x_api.o(i.VL53L1X_SetROICenter), (24 bytes).
    Removing vl53l1x_api.o(i.VL53L1X_SetSigmaThreshold), (40 bytes).
    Removing vl53l1x_api.o(i.VL53L1X_SetSignalThreshold), (22 bytes).
    Removing vl53l1x_api.o(i.VL53L1X_SetTimingBudgetInMs), (434 bytes).
    Removing vl53l1x_api.o(i.VL53L1X_SetXtalk), (64 bytes).
    Removing vl53l1x_api.o(i.VL53L1X_StartTemperatureUpdate), (110 bytes).
    Removing vl53l1x_api.o(.bss), (1023 bytes).
    Removing uart.o(i.UART_InChar), (28 bytes).
    Removing 2dx4_ds90-1.o(i.PortG_Init), (100 bytes).
    Removing 2dx4_ds90-1.o(i.VL53L1X_XSHUT), (60 bytes).
    Removing system_msp432e401y.o(.rev16_text), (4 bytes).
    Removing system_msp432e401y.o(.revsh_text), (4 bytes).
    Removing system_msp432e401y.o(.rrx_text), (6 bytes).
    Removing system_msp432e401y.o(i.SystemCoreClockUpdate), (240 bytes).

46 unused section(s) (total 4515 bytes) removed from the image.

==============================================================================

Image Symbol Table

    Local Symbols

    Symbol Name                              Value     Ov Type        Size  Object(Section)

    RESET                                    0x00000000   Section      508  startup_msp432e401y_uvision.o(RESET)
    ../clib/angel/boardlib.s                 0x00000000   Number         0  boardinit1.o ABSOLUTE
    ../clib/angel/boardlib.s                 0x00000000   Number         0  boardinit2.o ABSOLUTE
    ../clib/angel/boardlib.s                 0x00000000   Number         0  boardshut.o ABSOLUTE
    ../clib/angel/boardlib.s                 0x00000000   Number         0  boardinit3.o ABSOLUTE
    ../clib/angel/handlers.s                 0x00000000   Number         0  __scatter_zi.o ABSOLUTE
    ../clib/angel/handlers.s                 0x00000000   Number         0  __scatter_copy.o ABSOLUTE
    ../clib/angel/kernel.s                   0x00000000   Number         0  rtexit.o ABSOLUTE
    ../clib/angel/kernel.s                   0x00000000   Number         0  __rtentry4.o ABSOLUTE
    ../clib/angel/kernel.s                   0x00000000   Number         0  __rtentry2.o ABSOLUTE
    ../clib/angel/kernel.s                   0x00000000   Number         0  rtexit2.o ABSOLUTE
    ../clib/angel/kernel.s                   0x00000000   Number         0  __rtentry.o ABSOLUTE
    ../clib/angel/rt.s                       0x00000000   Number         0  rt_raise.o ABSOLUTE
    ../clib/angel/scatter.s                  0x00000000   Number         0  __scatter.o ABSOLUTE
    ../clib/angel/startup.s                  0x00000000   Number         0  __main.o ABSOLUTE
    ../clib/angel/sys.s                      0x00000000   Number         0  use_no_semi.o ABSOLUTE
    ../clib/angel/sys.s                      0x00000000   Number         0  sys_stackheap_outer.o ABSOLUTE
    ../clib/angel/sys.s                      0x00000000   Number         0  libspace.o ABSOLUTE
    ../clib/angel/sys.s                      0x00000000   Number         0  indicate_semi.o ABSOLUTE
    ../clib/angel/sysapp.c                   0x00000000   Number         0  sys_wrch.o ABSOLUTE
    ../clib/angel/sysapp.c                   0x00000000   Number         0  sys_command.o ABSOLUTE
    ../clib/angel/sysapp.c                   0x00000000   Number         0  sys_exit.o ABSOLUTE
    ../clib/armsys.c                         0x00000000   Number         0  _get_argv_nomalloc.o ABSOLUTE
    ../clib/armsys.c                         0x00000000   Number         0  no_argv.o ABSOLUTE
    ../clib/armsys.c                         0x00000000   Number         0  argv_veneer.o ABSOLUTE
    ../clib/armsys.c                         0x00000000   Number         0  argv_veneer.o ABSOLUTE
    ../clib/heapalloc.c                      0x00000000   Number         0  hrguard.o ABSOLUTE
    ../clib/heapaux.c                        0x00000000   Number         0  heapauxi.o ABSOLUTE
    ../clib/libinit.s                        0x00000000   Number         0  libinit.o ABSOLUTE
    ../clib/libinit.s                        0x00000000   Number         0  libinit2.o ABSOLUTE
    ../clib/libinit.s                        0x00000000   Number         0  libshutdown.o ABSOLUTE
    ../clib/libinit.s                        0x00000000   Number         0  libshutdown2.o ABSOLUTE
    ../clib/printf.c                         0x00000000   Number         0  __printf_wp.o ABSOLUTE
    ../clib/printf.c                         0x00000000   Number         0  __printf_flags_ss.o ABSOLUTE
    ../clib/printf.c                         0x00000000   Number         0  __printf_ss.o ABSOLUTE
    ../clib/printf.c                         0x00000000   Number         0  __printf_flags.o ABSOLUTE
    ../clib/printf.c                         0x00000000   Number         0  _printf_hex_int_ll_ptr.o ABSOLUTE
    ../clib/printf.c                         0x00000000   Number         0  _printf_hex_int_ptr.o ABSOLUTE
    ../clib/printf.c                         0x00000000   Number         0  _printf_hex_ptr.o ABSOLUTE
    ../clib/printf.c                         0x00000000   Number         0  _printf_hex_int_ll.o ABSOLUTE
    ../clib/printf.c                         0x00000000   Number         0  __2sprintf.o ABSOLUTE
    ../clib/printf.c                         0x00000000   Number         0  _printf_hex_int.o ABSOLUTE
    ../clib/printf.c                         0x00000000   Number         0  _printf_hex_ll.o ABSOLUTE
    ../clib/printf.c                         0x00000000   Number         0  _printf_dec.o ABSOLUTE
    ../clib/printf.c                         0x00000000   Number         0  __printf.o ABSOLUTE
    ../clib/printf.c                         0x00000000   Number         0  noretval__2sprintf.o ABSOLUTE
    ../clib/printf.c                         0x00000000   Number         0  __printf_nopercent.o ABSOLUTE
    ../clib/printf.c                         0x00000000   Number         0  _printf_intcommon.o ABSOLUTE
    ../clib/printf.c                         0x00000000   Number         0  _sputc.o ABSOLUTE
    ../clib/printf.c                         0x00000000   Number         0  _printf_hex_ll_ptr.o ABSOLUTE
    ../clib/printf.c                         0x00000000   Number         0  __printf_flags_ss_wp.o ABSOLUTE
    ../clib/printf.c                         0x00000000   Number         0  _printf_char_common.o ABSOLUTE
    ../clib/printf.c                         0x00000000   Number         0  __printf_ss_wp.o ABSOLUTE
    ../clib/printf.c                         0x00000000   Number         0  __printf_flags_wp.o ABSOLUTE
    ../clib/printf_percent.s                 0x00000000   Number         0  _printf_u.o ABSOLUTE
    ../clib/printf_percent.s                 0x00000000   Number         0  _printf_percent.o ABSOLUTE
    ../clib/printf_percent.s                 0x00000000   Number         0  _printf_x.o ABSOLUTE
    ../clib/printf_percent.s                 0x00000000   Number         0  _printf_d.o ABSOLUTE
    ../clib/printf_percent.s                 0x00000000   Number         0  _printf_percent_end.o ABSOLUTE
    ../clib/signal.c                         0x00000000   Number         0  defsig_exit.o ABSOLUTE
    ../clib/signal.c                         0x00000000   Number         0  defsig_rtmem_inner.o ABSOLUTE
    ../clib/signal.c                         0x00000000   Number         0  __raise.o ABSOLUTE
    ../clib/signal.c                         0x00000000   Number         0  defsig_general.o ABSOLUTE
    ../clib/signal.c                         0x00000000   Number         0  defsig_rtmem_outer.o ABSOLUTE
    ../clib/signal.c                         0x00000000   Number         0  defsig_abrt_inner.o ABSOLUTE
    ../clib/signal.c                         0x00000000   Number         0  defsig_fpe_inner.o ABSOLUTE
    ../clib/signal.c                         0x00000000   Number         0  defsig_rtred_inner.o ABSOLUTE
    ../clib/signal.c                         0x00000000   Number         0  defsig_stak_inner.o ABSOLUTE
    ../clib/signal.c                         0x00000000   Number         0  defsig_pvfn_inner.o ABSOLUTE
    ../clib/signal.c                         0x00000000   Number         0  defsig_cppl_inner.o ABSOLUTE
    ../clib/signal.c                         0x00000000   Number         0  defsig_segv_inner.o ABSOLUTE
    ../clib/signal.c                         0x00000000   Number         0  defsig_other.o ABSOLUTE
    ../clib/signal.c                         0x00000000   Number         0  defsig_rtmem_formal.o ABSOLUTE
    ../clib/signal.s                         0x00000000   Number         0  defsig.o ABSOLUTE
    ../clib/stdlib.c                         0x00000000   Number         0  exit.o ABSOLUTE
    ../fplib/ddiv.s                          0x00000000   Number         0  ddiv.o ABSOLUTE
    ../fplib/dfixu.s                         0x00000000   Number         0  dfixu.o ABSOLUTE
    ../fplib/dflt.s                          0x00000000   Number         0  dflt_clz.o ABSOLUTE
    ../fplib/dmul.s                          0x00000000   Number         0  dmul.o ABSOLUTE
    ../fplib/dnaninf.s                       0x00000000   Number         0  dnaninf.o ABSOLUTE
    ../fplib/dretinf.s                       0x00000000   Number         0  dretinf.o ABSOLUTE
    ../fplib/fpinit.s                        0x00000000   Number         0  fpinit.o ABSOLUTE
    ../fplib/usenofp.s                       0x00000000   Number         0  usenofp.o ABSOLUTE
    2dx4_ds90-1.c                            0x00000000   Number         0  2dx4_ds90-1.o ABSOLUTE
    PLL.c                                    0x00000000   Number         0  pll.o ABSOLUTE
    RTE\Device\MSP432E401Y\startup_msp432e401y_uvision.s 0x00000000   Number         0  startup_msp432e401y_uvision.o ABSOLUTE
    RTE\Device\MSP432E401Y\system_msp432e401y.c 0x00000000   Number         0  system_msp432e401y.o ABSOLUTE
    RTE\\Device\\MSP432E401Y\\system_msp432e401y.c 0x00000000   Number         0  system_msp432e401y.o ABSOLUTE
    SysTick.c                                0x00000000   Number         0  systick.o ABSOLUTE
    VL53L1X_api.c                            0x00000000   Number         0  vl53l1x_api.o ABSOLUTE
    dc.s                                     0x00000000   Number         0  dc.o ABSOLUTE
    onboardLEDs.c                            0x00000000   Number         0  onboardleds.o ABSOLUTE
    uart.c                                   0x00000000   Number         0  uart.o ABSOLUTE
    vl53l1_platform_2dx4.c                   0x00000000   Number         0  vl53l1_platform_2dx4.o ABSOLUTE
    !!!main                                  0x000001fc   Section        8  __main.o(!!!main)
    !!!scatter                               0x00000204   Section       52  __scatter.o(!!!scatter)
    !!handler_copy                           0x00000238   Section       26  __scatter_copy.o(!!handler_copy)
    !!handler_zi                             0x00000254   Section       28  __scatter_zi.o(!!handler_zi)
    .ARM.Collect$$_printf_percent$$00000000  0x00000270   Section        0  _printf_percent.o(.ARM.Collect$$_printf_percent$$00000000)
    .ARM.Collect$$_printf_percent$$00000009  0x00000270   Section        6  _printf_d.o(.ARM.Collect$$_printf_percent$$00000009)
    .ARM.Collect$$_printf_percent$$0000000A  0x00000276   Section        6  _printf_u.o(.ARM.Collect$$_printf_percent$$0000000A)
    .ARM.Collect$$_printf_percent$$0000000C  0x0000027c   Section        6  _printf_x.o(.ARM.Collect$$_printf_percent$$0000000C)
    .ARM.Collect$$_printf_percent$$00000017  0x00000282   Section        4  _printf_percent_end.o(.ARM.Collect$$_printf_percent$$00000017)
    .ARM.Collect$$libinit$$00000000          0x00000286   Section        2  libinit.o(.ARM.Collect$$libinit$$00000000)
    .ARM.Collect$$libinit$$00000001          0x00000288   Section        4  libinit2.o(.ARM.Collect$$libinit$$00000001)
    .ARM.Collect$$libinit$$00000004          0x0000028c   Section        0  libinit2.o(.ARM.Collect$$libinit$$00000004)
    .ARM.Collect$$libinit$$0000000A          0x0000028c   Section        0  libinit2.o(.ARM.Collect$$libinit$$0000000A)
    .ARM.Collect$$libinit$$0000000C          0x0000028c   Section        0  libinit2.o(.ARM.Collect$$libinit$$0000000C)
    .ARM.Collect$$libinit$$0000000E          0x0000028c   Section        0  libinit2.o(.ARM.Collect$$libinit$$0000000E)
    .ARM.Collect$$libinit$$00000011          0x0000028c   Section        0  libinit2.o(.ARM.Collect$$libinit$$00000011)
    .ARM.Collect$$libinit$$00000013          0x0000028c   Section        0  libinit2.o(.ARM.Collect$$libinit$$00000013)
    .ARM.Collect$$libinit$$00000015          0x0000028c   Section        0  libinit2.o(.ARM.Collect$$libinit$$00000015)
    .ARM.Collect$$libinit$$00000017          0x0000028c   Section        0  libinit2.o(.ARM.Collect$$libinit$$00000017)
    .ARM.Collect$$libinit$$00000019          0x0000028c   Section        0  libinit2.o(.ARM.Collect$$libinit$$00000019)
    .ARM.Collect$$libinit$$0000001B          0x0000028c   Section        0  libinit2.o(.ARM.Collect$$libinit$$0000001B)
    .ARM.Collect$$libinit$$0000001D          0x0000028c   Section        0  libinit2.o(.ARM.Collect$$libinit$$0000001D)
    .ARM.Collect$$libinit$$0000001F          0x0000028c   Section        0  libinit2.o(.ARM.Collect$$libinit$$0000001F)
    .ARM.Collect$$libinit$$00000021          0x0000028c   Section        0  libinit2.o(.ARM.Collect$$libinit$$00000021)
    .ARM.Collect$$libinit$$00000023          0x0000028c   Section        0  libinit2.o(.ARM.Collect$$libinit$$00000023)
    .ARM.Collect$$libinit$$00000025          0x0000028c   Section        0  libinit2.o(.ARM.Collect$$libinit$$00000025)
    .ARM.Collect$$libinit$$0000002C          0x0000028c   Section        0  libinit2.o(.ARM.Collect$$libinit$$0000002C)
    .ARM.Collect$$libinit$$0000002E          0x0000028c   Section        0  libinit2.o(.ARM.Collect$$libinit$$0000002E)
    .ARM.Collect$$libinit$$00000030          0x0000028c   Section        0  libinit2.o(.ARM.Collect$$libinit$$00000030)
    .ARM.Collect$$libinit$$00000032          0x0000028c   Section        0  libinit2.o(.ARM.Collect$$libinit$$00000032)
    .ARM.Collect$$libinit$$00000033          0x0000028c   Section        2  libinit2.o(.ARM.Collect$$libinit$$00000033)
    .ARM.Collect$$libshutdown$$00000000      0x0000028e   Section        2  libshutdown.o(.ARM.Collect$$libshutdown$$00000000)
    .ARM.Collect$$libshutdown$$00000002      0x00000290   Section        0  libshutdown2.o(.ARM.Collect$$libshutdown$$00000002)
    .ARM.Collect$$libshutdown$$00000004      0x00000290   Section        0  libshutdown2.o(.ARM.Collect$$libshutdown$$00000004)
    .ARM.Collect$$libshutdown$$00000007      0x00000290   Section        0  libshutdown2.o(.ARM.Collect$$libshutdown$$00000007)
    .ARM.Collect$$libshutdown$$0000000A      0x00000290   Section        0  libshutdown2.o(.ARM.Collect$$libshutdown$$0000000A)
    .ARM.Collect$$libshutdown$$0000000C      0x00000290   Section        0  libshutdown2.o(.ARM.Collect$$libshutdown$$0000000C)
    .ARM.Collect$$libshutdown$$0000000F      0x00000290   Section        0  libshutdown2.o(.ARM.Collect$$libshutdown$$0000000F)
    .ARM.Collect$$libshutdown$$00000010      0x00000290   Section        2  libshutdown2.o(.ARM.Collect$$libshutdown$$00000010)
    .ARM.Collect$$rtentry$$00000000          0x00000292   Section        0  __rtentry.o(.ARM.Collect$$rtentry$$00000000)
    .ARM.Collect$$rtentry$$00000002          0x00000292   Section        0  __rtentry2.o(.ARM.Collect$$rtentry$$00000002)
    .ARM.Collect$$rtentry$$00000004          0x00000292   Section        6  __rtentry4.o(.ARM.Collect$$rtentry$$00000004)
    .ARM.Collect$$rtentry$$00000009          0x00000298   Section        0  __rtentry2.o(.ARM.Collect$$rtentry$$00000009)
    .ARM.Collect$$rtentry$$0000000A          0x00000298   Section        4  __rtentry2.o(.ARM.Collect$$rtentry$$0000000A)
    .ARM.Collect$$rtentry$$0000000C          0x0000029c   Section        0  __rtentry2.o(.ARM.Collect$$rtentry$$0000000C)
    .ARM.Collect$$rtentry$$0000000D          0x0000029c   Section        8  __rtentry2.o(.ARM.Collect$$rtentry$$0000000D)
    .ARM.Collect$$rtexit$$00000000           0x000002a4   Section        2  rtexit.o(.ARM.Collect$$rtexit$$00000000)
    .ARM.Collect$$rtexit$$00000002           0x000002a6   Section        0  rtexit2.o(.ARM.Collect$$rtexit$$00000002)
    .ARM.Collect$$rtexit$$00000003           0x000002a6   Section        4  rtexit2.o(.ARM.Collect$$rtexit$$00000003)
    .ARM.Collect$$rtexit$$00000004           0x000002aa   Section        6  rtexit2.o(.ARM.Collect$$rtexit$$00000004)
    .text                                    0x000002b0   Section       60  startup_msp432e401y_uvision.o(.text)
    $v0                                      0x000002b0   Number         0  startup_msp432e401y_uvision.o(.text)
    .text                                    0x000002ec   Section        0  noretval__2sprintf.o(.text)
    .text                                    0x00000314   Section        0  __printf.o(.text)
    .text                                    0x0000037c   Section        0  _printf_dec.o(.text)
    .text                                    0x000003f4   Section        0  _printf_hex_int.o(.text)
    .text                                    0x0000044c   Section        0  heapauxi.o(.text)
    .text                                    0x00000452   Section        0  _printf_intcommon.o(.text)
    .text                                    0x00000504   Section        0  _printf_char_common.o(.text)
    _printf_input_char                       0x00000505   Thumb Code    10  _printf_char_common.o(.text)
    .text                                    0x00000534   Section        0  _sputc.o(.text)
    .text                                    0x0000053e   Section       74  sys_stackheap_outer.o(.text)
    .text                                    0x00000588   Section        0  exit.o(.text)
    .text                                    0x0000059c   Section        8  libspace.o(.text)
    .text                                    0x000005a4   Section        0  sys_exit.o(.text)
    .text                                    0x000005b0   Section        2  use_no_semi.o(.text)
    .text                                    0x000005b2   Section        0  indicate_semi.o(.text)
    i.FlashAllLEDs                           0x000005b4   Section        0  onboardleds.o(i.FlashAllLEDs)
    i.FlashI2CError                          0x00000610   Section        0  onboardleds.o(i.FlashI2CError)
    i.FlashI2CRx                             0x00000624   Section        0  onboardleds.o(i.FlashI2CRx)
    i.FlashI2CTx                             0x0000062e   Section        0  onboardleds.o(i.FlashI2CTx)
    i.FlashLED1                              0x00000638   Section        0  onboardleds.o(i.FlashLED1)
    i.FlashLED2                              0x0000067c   Section        0  onboardleds.o(i.FlashLED2)
    i.FlashLED3                              0x000006c0   Section        0  onboardleds.o(i.FlashLED3)
    i.FlashLED4                              0x00000704   Section        0  onboardleds.o(i.FlashLED4)
    i.I2C_Init                               0x00000748   Section        0  2dx4_ds90-1.o(i.I2C_Init)
    i.PLL_Init                               0x000007d4   Section        0  pll.o(i.PLL_Init)
    i.Status_Check                           0x000008f8   Section        0  uart.o(i.Status_Check)
    i.SysTick_Init                           0x00000950   Section        0  systick.o(i.SysTick_Init)
    i.SysTick_Wait                           0x00000968   Section        0  systick.o(i.SysTick_Wait)
    i.SysTick_Wait10ms                       0x00000988   Section        0  systick.o(i.SysTick_Wait10ms)
    i.SystemInit                             0x000009a4   Section        0  system_msp432e401y.o(i.SystemInit)
    i.UART_Init                              0x000009c4   Section        0  uart.o(i.UART_Init)
    i.UART_OutChar                           0x00000a90   Section        0  uart.o(i.UART_OutChar)
    i.UART_printf                            0x00000aa8   Section        0  uart.o(i.UART_printf)
    i.VL53L1X_BootState                      0x00000ac0   Section        0  vl53l1x_api.o(i.VL53L1X_BootState)
    i.VL53L1X_CheckForDataReady              0x00000ae2   Section        0  vl53l1x_api.o(i.VL53L1X_CheckForDataReady)
    i.VL53L1X_ClearInterrupt                 0x00000b20   Section        0  vl53l1x_api.o(i.VL53L1X_ClearInterrupt)
    i.VL53L1X_GetDistance                    0x00000b36   Section        0  vl53l1x_api.o(i.VL53L1X_GetDistance)
    i.VL53L1X_GetInterruptPolarity           0x00000b54   Section        0  vl53l1x_api.o(i.VL53L1X_GetInterruptPolarity)
    i.VL53L1X_GetRangeStatus                 0x00000b88   Section        0  vl53l1x_api.o(i.VL53L1X_GetRangeStatus)
    i.VL53L1X_GetSensorId                    0x00000bc4   Section        0  vl53l1x_api.o(i.VL53L1X_GetSensorId)
    i.VL53L1X_SensorInit                     0x00000be8   Section        0  vl53l1x_api.o(i.VL53L1X_SensorInit)
    i.VL53L1X_StartRanging                   0x00000ce4   Section        0  vl53l1x_api.o(i.VL53L1X_StartRanging)
    i.VL53L1X_StopRanging                    0x00000cfa   Section        0  vl53l1x_api.o(i.VL53L1X_StopRanging)
    i.VL53L1_RdByte                          0x00000d10   Section        0  vl53l1_platform_2dx4.o(i.VL53L1_RdByte)
    i.VL53L1_RdWord                          0x00000d34   Section        0  vl53l1_platform_2dx4.o(i.VL53L1_RdWord)
    i.VL53L1_WaitMs                          0x00000d6c   Section        0  vl53l1_platform_2dx4.o(i.VL53L1_WaitMs)
    i.VL53L1_WrByte                          0x00000d8c   Section        0  vl53l1_platform_2dx4.o(i.VL53L1_WrByte)
    i.beginRxI2C                             0x00000dac   Section        0  vl53l1_platform_2dx4.o(i.beginRxI2C)
    i.beginTxI2C                             0x00000dc8   Section        0  vl53l1_platform_2dx4.o(i.beginTxI2C)
    i.main                                   0x00000de4   Section        0  2dx4_ds90-1.o(i.main)
    i.onboardLEDs_Init                       0x00001060   Section        0  onboardleds.o(i.onboardLEDs_Init)
    i.readI2C                                0x00001124   Section        0  vl53l1_platform_2dx4.o(i.readI2C)
    i.writeI2C                               0x00001170   Section        0  vl53l1_platform_2dx4.o(i.writeI2C)
    i.writeRegisterIndex                     0x00001210   Section        0  vl53l1_platform_2dx4.o(i.writeRegisterIndex)
    i.writeRegisterIndex_nostop              0x00001298   Section        0  vl53l1_platform_2dx4.o(i.writeRegisterIndex_nostop)
    x$fpl$fpinit                             0x00001320   Section       10  fpinit.o(x$fpl$fpinit)
    $v0                                      0x00001320   Number         0  fpinit.o(x$fpl$fpinit)
    .constdata                               0x0000132a   Section      115  vl53l1x_api.o(.constdata)
    status_rtn                               0x00001385   Data          24  vl53l1x_api.o(.constdata)
    .constdata                               0x0000139d   Section       40  _printf_hex_int.o(.constdata)
    uc_hextab                                0x0000139d   Data          20  _printf_hex_int.o(.constdata)
    lc_hextab                                0x000013b1   Data          20  _printf_hex_int.o(.constdata)
    .data                                    0x20000000   Section       12  2dx4_ds90-1.o(.data)
    .data                                    0x2000000c   Section        4  system_msp432e401y.o(.data)
    .bss                                     0x20000010   Section     1023  uart.o(.bss)
    printf_buffer                            0x20000010   Data        1023  uart.o(.bss)
    .bss                                     0x20000410   Section     1224  2dx4_ds90-1.o(.bss)
    printf_buffer                            0x20000410   Data        1023  2dx4_ds90-1.o(.bss)
    .bss                                     0x200008d8   Section       96  libspace.o(.bss)
    HEAP                                     0x20000938   Section        0  startup_msp432e401y_uvision.o(HEAP)
    STACK                                    0x20000938   Section      512  startup_msp432e401y_uvision.o(STACK)
    Heap_Mem                                 0x20000938   Data           0  startup_msp432e401y_uvision.o(HEAP)
    Stack_Mem                                0x20000938   Data         512  startup_msp432e401y_uvision.o(STACK)
    __initial_sp                             0x20000b38   Data           0  startup_msp432e401y_uvision.o(STACK)

    Global Symbols

    Symbol Name                              Value     Ov Type        Size  Object(Section)

    BuildAttributes$$THM_ISAv4$E$P$D$K$B$S$7EM$VFPi3$EXTD16$VFPS$VFMA$PE$A:L22UL41UL21$X:L11$S22US41US21$IEEE1$IW$USESV6$~STKCKD$USESV7$~SHL$OSPACE$ROPI$EBA8$UX$STANDARDLIB$REQ8$PRES8$EABIv2 0x00000000   Number         0  anon$$obj.o ABSOLUTE
    __ARM_use_no_argv                        0x00000000   Number         0  2dx4_ds90-1.o ABSOLUTE
    __Vectors                                0x00000000   Data           4  startup_msp432e401y_uvision.o(RESET)
    __ARM_exceptions_init                     - Undefined Weak Reference
    __alloca_initialize                       - Undefined Weak Reference
    __arm_preinit_                            - Undefined Weak Reference
    __cpp_initialize__aeabi_                  - Undefined Weak Reference
    __cxa_finalize                            - Undefined Weak Reference
    __rt_locale                               - Undefined Weak Reference
    __sigvec_lookup                           - Undefined Weak Reference
    _atexit_init                              - Undefined Weak Reference
    _call_atexit_fns                          - Undefined Weak Reference
    _clock_init                               - Undefined Weak Reference
    _fp_trap_init                             - Undefined Weak Reference
    _fp_trap_shutdown                         - Undefined Weak Reference
    _get_lc_collate                           - Undefined Weak Reference
    _get_lc_ctype                             - Undefined Weak Reference
    _get_lc_monetary                          - Undefined Weak Reference
    _get_lc_numeric                           - Undefined Weak Reference
    _get_lc_time                              - Undefined Weak Reference
    _getenv_init                              - Undefined Weak Reference
    _handle_redirection                       - Undefined Weak Reference
    _init_alloc                               - Undefined Weak Reference
    _init_user_alloc                          - Undefined Weak Reference
    _initio                                   - Undefined Weak Reference
    _printf_post_padding                      - Undefined Weak Reference
    _printf_pre_padding                       - Undefined Weak Reference
    _printf_truncate_signed                   - Undefined Weak Reference
    _printf_truncate_unsigned                 - Undefined Weak Reference
    _rand_init                                - Undefined Weak Reference
    _signal_finish                            - Undefined Weak Reference
    _signal_init                              - Undefined Weak Reference
    _terminate_alloc                          - Undefined Weak Reference
    _terminate_user_alloc                     - Undefined Weak Reference
    _terminateio                              - Undefined Weak Reference
    __Vectors_End                            0x000001fc   Data           0  startup_msp432e401y_uvision.o(RESET)
    __Vectors_Size                           0x000001fc   Number         0  startup_msp432e401y_uvision.o ABSOLUTE
    __main                                   0x000001fd   Thumb Code     8  __main.o(!!!main)
    __scatterload                            0x00000205   Thumb Code     0  __scatter.o(!!!scatter)
    __scatterload_rt2                        0x00000205   Thumb Code    44  __scatter.o(!!!scatter)
    __scatterload_rt2_thumb_only             0x00000205   Thumb Code     0  __scatter.o(!!!scatter)
    __scatterload_null                       0x00000213   Thumb Code     0  __scatter.o(!!!scatter)
    __scatterload_copy                       0x00000239   Thumb Code    26  __scatter_copy.o(!!handler_copy)
    __scatterload_zeroinit                   0x00000255   Thumb Code    28  __scatter_zi.o(!!handler_zi)
    _printf_d                                0x00000271   Thumb Code     0  _printf_d.o(.ARM.Collect$$_printf_percent$$00000009)
    _printf_percent                          0x00000271   Thumb Code     0  _printf_percent.o(.ARM.Collect$$_printf_percent$$00000000)
    _printf_u                                0x00000277   Thumb Code     0  _printf_u.o(.ARM.Collect$$_printf_percent$$0000000A)
    _printf_x                                0x0000027d   Thumb Code     0  _printf_x.o(.ARM.Collect$$_printf_percent$$0000000C)
    _printf_percent_end                      0x00000283   Thumb Code     0  _printf_percent_end.o(.ARM.Collect$$_printf_percent$$00000017)
    __rt_lib_init                            0x00000287   Thumb Code     0  libinit.o(.ARM.Collect$$libinit$$00000000)
    __rt_lib_init_fp_1                       0x00000289   Thumb Code     0  libinit2.o(.ARM.Collect$$libinit$$00000001)
    __rt_lib_init_alloca_1                   0x0000028d   Thumb Code     0  libinit2.o(.ARM.Collect$$libinit$$0000002E)
    __rt_lib_init_argv_1                     0x0000028d   Thumb Code     0  libinit2.o(.ARM.Collect$$libinit$$0000002C)
    __rt_lib_init_atexit_1                   0x0000028d   Thumb Code     0  libinit2.o(.ARM.Collect$$libinit$$0000001B)
    __rt_lib_init_clock_1                    0x0000028d   Thumb Code     0  libinit2.o(.ARM.Collect$$libinit$$00000021)
    __rt_lib_init_cpp_1                      0x0000028d   Thumb Code     0  libinit2.o(.ARM.Collect$$libinit$$00000032)
    __rt_lib_init_exceptions_1               0x0000028d   Thumb Code     0  libinit2.o(.ARM.Collect$$libinit$$00000030)
    __rt_lib_init_fp_trap_1                  0x0000028d   Thumb Code     0  libinit2.o(.ARM.Collect$$libinit$$0000001F)
    __rt_lib_init_getenv_1                   0x0000028d   Thumb Code     0  libinit2.o(.ARM.Collect$$libinit$$00000023)
    __rt_lib_init_heap_1                     0x0000028d   Thumb Code     0  libinit2.o(.ARM.Collect$$libinit$$0000000A)
    __rt_lib_init_lc_collate_1               0x0000028d   Thumb Code     0  libinit2.o(.ARM.Collect$$libinit$$00000011)
    __rt_lib_init_lc_ctype_1                 0x0000028d   Thumb Code     0  libinit2.o(.ARM.Collect$$libinit$$00000013)
    __rt_lib_init_lc_monetary_1              0x0000028d   Thumb Code     0  libinit2.o(.ARM.Collect$$libinit$$00000015)
    __rt_lib_init_lc_numeric_1               0x0000028d   Thumb Code     0  libinit2.o(.ARM.Collect$$libinit$$00000017)
    __rt_lib_init_lc_time_1                  0x0000028d   Thumb Code     0  libinit2.o(.ARM.Collect$$libinit$$00000019)
    __rt_lib_init_preinit_1                  0x0000028d   Thumb Code     0  libinit2.o(.ARM.Collect$$libinit$$00000004)
    __rt_lib_init_rand_1                     0x0000028d   Thumb Code     0  libinit2.o(.ARM.Collect$$libinit$$0000000E)
    __rt_lib_init_return                     0x0000028d   Thumb Code     0  libinit2.o(.ARM.Collect$$libinit$$00000033)
    __rt_lib_init_signal_1                   0x0000028d   Thumb Code     0  libinit2.o(.ARM.Collect$$libinit$$0000001D)
    __rt_lib_init_stdio_1                    0x0000028d   Thumb Code     0  libinit2.o(.ARM.Collect$$libinit$$00000025)
    __rt_lib_init_user_alloc_1               0x0000028d   Thumb Code     0  libinit2.o(.ARM.Collect$$libinit$$0000000C)
    __rt_lib_shutdown                        0x0000028f   Thumb Code     0  libshutdown.o(.ARM.Collect$$libshutdown$$00000000)
    __rt_lib_shutdown_cpp_1                  0x00000291   Thumb Code     0  libshutdown2.o(.ARM.Collect$$libshutdown$$00000002)
    __rt_lib_shutdown_fp_trap_1              0x00000291   Thumb Code     0  libshutdown2.o(.ARM.Collect$$libshutdown$$00000007)
    __rt_lib_shutdown_heap_1                 0x00000291   Thumb Code     0  libshutdown2.o(.ARM.Collect$$libshutdown$$0000000F)
    __rt_lib_shutdown_return                 0x00000291   Thumb Code     0  libshutdown2.o(.ARM.Collect$$libshutdown$$00000010)
    __rt_lib_shutdown_signal_1               0x00000291   Thumb Code     0  libshutdown2.o(.ARM.Collect$$libshutdown$$0000000A)
    __rt_lib_shutdown_stdio_1                0x00000291   Thumb Code     0  libshutdown2.o(.ARM.Collect$$libshutdown$$00000004)
    __rt_lib_shutdown_user_alloc_1           0x00000291   Thumb Code     0  libshutdown2.o(.ARM.Collect$$libshutdown$$0000000C)
    __rt_entry                               0x00000293   Thumb Code     0  __rtentry.o(.ARM.Collect$$rtentry$$00000000)
    __rt_entry_presh_1                       0x00000293   Thumb Code     0  __rtentry2.o(.ARM.Collect$$rtentry$$00000002)
    __rt_entry_sh                            0x00000293   Thumb Code     0  __rtentry4.o(.ARM.Collect$$rtentry$$00000004)
    __rt_entry_li                            0x00000299   Thumb Code     0  __rtentry2.o(.ARM.Collect$$rtentry$$0000000A)
    __rt_entry_postsh_1                      0x00000299   Thumb Code     0  __rtentry2.o(.ARM.Collect$$rtentry$$00000009)
    __rt_entry_main                          0x0000029d   Thumb Code     0  __rtentry2.o(.ARM.Collect$$rtentry$$0000000D)
    __rt_entry_postli_1                      0x0000029d   Thumb Code     0  __rtentry2.o(.ARM.Collect$$rtentry$$0000000C)
    __rt_exit                                0x000002a5   Thumb Code     0  rtexit.o(.ARM.Collect$$rtexit$$00000000)
    __rt_exit_ls                             0x000002a7   Thumb Code     0  rtexit2.o(.ARM.Collect$$rtexit$$00000003)
    __rt_exit_prels_1                        0x000002a7   Thumb Code     0  rtexit2.o(.ARM.Collect$$rtexit$$00000002)
    __rt_exit_exit                           0x000002ab   Thumb Code     0  rtexit2.o(.ARM.Collect$$rtexit$$00000004)
    Reset_Handler                            0x000002b1   Thumb Code     8  startup_msp432e401y_uvision.o(.text)
    NMI_Handler                              0x000002b9   Thumb Code     2  startup_msp432e401y_uvision.o(.text)
    HardFault_Handler                        0x000002bb   Thumb Code     2  startup_msp432e401y_uvision.o(.text)
    MemManage_Handler                        0x000002bd   Thumb Code     2  startup_msp432e401y_uvision.o(.text)
    BusFault_Handler                         0x000002bf   Thumb Code     2  startup_msp432e401y_uvision.o(.text)
    UsageFault_Handler                       0x000002c1   Thumb Code     2  startup_msp432e401y_uvision.o(.text)
    SVC_Handler                              0x000002c3   Thumb Code     2  startup_msp432e401y_uvision.o(.text)
    DebugMon_Handler                         0x000002c5   Thumb Code     2  startup_msp432e401y_uvision.o(.text)
    PendSV_Handler                           0x000002c7   Thumb Code     2  startup_msp432e401y_uvision.o(.text)
    SysTick_Handler                          0x000002c9   Thumb Code     2  startup_msp432e401y_uvision.o(.text)
    ADC0SS0_IRQHandler                       0x000002cb   Thumb Code     0  startup_msp432e401y_uvision.o(.text)
    ADC0SS1_IRQHandler                       0x000002cb   Thumb Code     0  startup_msp432e401y_uvision.o(.text)
    ADC0SS2_IRQHandler                       0x000002cb   Thumb Code     0  startup_msp432e401y_uvision.o(.text)
    ADC0SS3_IRQHandler                       0x000002cb   Thumb Code     0  startup_msp432e401y_uvision.o(.text)
    ADC1SS0_IRQHandler                       0x000002cb   Thumb Code     0  startup_msp432e401y_uvision.o(.text)
    ADC1SS1_IRQHandler                       0x000002cb   Thumb Code     0  startup_msp432e401y_uvision.o(.text)
    ADC1SS2_IRQHandler                       0x000002cb   Thumb Code     0  startup_msp432e401y_uvision.o(.text)
    ADC1SS3_IRQHandler                       0x000002cb   Thumb Code     0  startup_msp432e401y_uvision.o(.text)
    AES0_IRQHandler                          0x000002cb   Thumb Code     0  startup_msp432e401y_uvision.o(.text)
    CAN0_IRQHandler                          0x000002cb   Thumb Code     0  startup_msp432e401y_uvision.o(.text)
    CAN1_IRQHandler                          0x000002cb   Thumb Code     0  startup_msp432e401y_uvision.o(.text)
    COMP0_IRQHandler                         0x000002cb   Thumb Code     0  startup_msp432e401y_uvision.o(.text)
    COMP1_IRQHandler                         0x000002cb   Thumb Code     0  startup_msp432e401y_uvision.o(.text)
    COMP2_IRQHandler                         0x000002cb   Thumb Code     0  startup_msp432e401y_uvision.o(.text)
    DES0_IRQHandler                          0x000002cb   Thumb Code     0  startup_msp432e401y_uvision.o(.text)
    EMAC0_IRQHandler                         0x000002cb   Thumb Code     0  startup_msp432e401y_uvision.o(.text)
    EPI0_IRQHandler                          0x000002cb   Thumb Code     0  startup_msp432e401y_uvision.o(.text)
    FLASH_IRQHandler                         0x000002cb   Thumb Code     0  startup_msp432e401y_uvision.o(.text)
    GPIOA_IRQHandler                         0x000002cb   Thumb Code     0  startup_msp432e401y_uvision.o(.text)
    GPIOB_IRQHandler                         0x000002cb   Thumb Code     0  startup_msp432e401y_uvision.o(.text)
    GPIOC_IRQHandler                         0x000002cb   Thumb Code     0  startup_msp432e401y_uvision.o(.text)
    GPIOD_IRQHandler                         0x000002cb   Thumb Code     0  startup_msp432e401y_uvision.o(.text)
    GPIOE_IRQHandler                         0x000002cb   Thumb Code     0  startup_msp432e401y_uvision.o(.text)
    GPIOF_IRQHandler                         0x000002cb   Thumb Code     0  startup_msp432e401y_uvision.o(.text)
    GPIOG_IRQHandler                         0x000002cb   Thumb Code     0  startup_msp432e401y_uvision.o(.text)
    GPIOH_IRQHandler                         0x000002cb   Thumb Code     0  startup_msp432e401y_uvision.o(.text)
    GPIOJ_IRQHandler                         0x000002cb   Thumb Code     0  startup_msp432e401y_uvision.o(.text)
    GPIOK_IRQHandler                         0x000002cb   Thumb Code     0  startup_msp432e401y_uvision.o(.text)
    GPIOL_IRQHandler                         0x000002cb   Thumb Code     0  startup_msp432e401y_uvision.o(.text)
    GPIOM_IRQHandler                         0x000002cb   Thumb Code     0  startup_msp432e401y_uvision.o(.text)
    GPION_IRQHandler                         0x000002cb   Thumb Code     0  startup_msp432e401y_uvision.o(.text)
    GPIOP0_IRQHandler                        0x000002cb   Thumb Code     0  startup_msp432e401y_uvision.o(.text)
    GPIOP1_IRQHandler                        0x000002cb   Thumb Code     0  startup_msp432e401y_uvision.o(.text)
    GPIOP2_IRQHandler                        0x000002cb   Thumb Code     0  startup_msp432e401y_uvision.o(.text)
    GPIOP3_IRQHandler                        0x000002cb   Thumb Code     0  startup_msp432e401y_uvision.o(.text)
    GPIOP4_IRQHandler                        0x000002cb   Thumb Code     0  startup_msp432e401y_uvision.o(.text)
    GPIOP5_IRQHandler                        0x000002cb   Thumb Code     0  startup_msp432e401y_uvision.o(.text)
    GPIOP6_IRQHandler                        0x000002cb   Thumb Code     0  startup_msp432e401y_uvision.o(.text)
    GPIOP7_IRQHandler                        0x000002cb   Thumb Code     0  startup_msp432e401y_uvision.o(.text)
    GPIOQ0_IRQHandler                        0x000002cb   Thumb Code     0  startup_msp432e401y_uvision.o(.text)
    GPIOQ1_IRQHandler                        0x000002cb   Thumb Code     0  startup_msp432e401y_uvision.o(.text)
    GPIOQ2_IRQHandler                        0x000002cb   Thumb Code     0  startup_msp432e401y_uvision.o(.text)
    GPIOQ3_IRQHandler                        0x000002cb   Thumb Code     0  startup_msp432e401y_uvision.o(.text)
    GPIOQ4_IRQHandler                        0x000002cb   Thumb Code     0  startup_msp432e401y_uvision.o(.text)
    GPIOQ5_IRQHandler                        0x000002cb   Thumb Code     0  startup_msp432e401y_uvision.o(.text)
    GPIOQ6_IRQHandler                        0x000002cb   Thumb Code     0  startup_msp432e401y_uvision.o(.text)
    GPIOQ7_IRQHandler                        0x000002cb   Thumb Code     0  startup_msp432e401y_uvision.o(.text)
    HIBERNATE_IRQHandler                     0x000002cb   Thumb Code     0  startup_msp432e401y_uvision.o(.text)
    I2C0_IRQHandler                          0x000002cb   Thumb Code     0  startup_msp432e401y_uvision.o(.text)
    I2C1_IRQHandler                          0x000002cb   Thumb Code     0  startup_msp432e401y_uvision.o(.text)
    I2C2_IRQHandler                          0x000002cb   Thumb Code     0  startup_msp432e401y_uvision.o(.text)
    I2C3_IRQHandler                          0x000002cb   Thumb Code     0  startup_msp432e401y_uvision.o(.text)
    I2C4_IRQHandler                          0x000002cb   Thumb Code     0  startup_msp432e401y_uvision.o(.text)
    I2C5_IRQHandler                          0x000002cb   Thumb Code     0  startup_msp432e401y_uvision.o(.text)
    I2C6_IRQHandler                          0x000002cb   Thumb Code     0  startup_msp432e401y_uvision.o(.text)
    I2C7_IRQHandler                          0x000002cb   Thumb Code     0  startup_msp432e401y_uvision.o(.text)
    I2C8_IRQHandler                          0x000002cb   Thumb Code     0  startup_msp432e401y_uvision.o(.text)
    I2C9_IRQHandler                          0x000002cb   Thumb Code     0  startup_msp432e401y_uvision.o(.text)
    PWM0_0_IRQHandler                        0x000002cb   Thumb Code     0  startup_msp432e401y_uvision.o(.text)
    PWM0_1_IRQHandler                        0x000002cb   Thumb Code     0  startup_msp432e401y_uvision.o(.text)
    PWM0_2_IRQHandler                        0x000002cb   Thumb Code     0  startup_msp432e401y_uvision.o(.text)
    PWM0_3_IRQHandler                        0x000002cb   Thumb Code     0  startup_msp432e401y_uvision.o(.text)
    PWM0_FAULT_IRQHandler                    0x000002cb   Thumb Code     0  startup_msp432e401y_uvision.o(.text)
    QEI0_IRQHandler                          0x000002cb   Thumb Code     0  startup_msp432e401y_uvision.o(.text)
    SHA0_IRQHandler                          0x000002cb   Thumb Code     0  startup_msp432e401y_uvision.o(.text)
    SSI0_IRQHandler                          0x000002cb   Thumb Code     0  startup_msp432e401y_uvision.o(.text)
    SSI1_IRQHandler                          0x000002cb   Thumb Code     0  startup_msp432e401y_uvision.o(.text)
    SSI2_IRQHandler                          0x000002cb   Thumb Code     0  startup_msp432e401y_uvision.o(.text)
    SSI3_IRQHandler                          0x000002cb   Thumb Code     0  startup_msp432e401y_uvision.o(.text)
    SYSCTL_IRQHandler                        0x000002cb   Thumb Code     0  startup_msp432e401y_uvision.o(.text)
    SYSEXC_IRQHandler                        0x000002cb   Thumb Code     0  startup_msp432e401y_uvision.o(.text)
    TAMPER0_IRQHandler                       0x000002cb   Thumb Code     0  startup_msp432e401y_uvision.o(.text)
    TIMER0A_IRQHandler                       0x000002cb   Thumb Code     0  startup_msp432e401y_uvision.o(.text)
    TIMER0B_IRQHandler                       0x000002cb   Thumb Code     0  startup_msp432e401y_uvision.o(.text)
    TIMER1A_IRQHandler                       0x000002cb   Thumb Code     0  startup_msp432e401y_uvision.o(.text)
    TIMER1B_IRQHandler                       0x000002cb   Thumb Code     0  startup_msp432e401y_uvision.o(.text)
    TIMER2A_IRQHandler                       0x000002cb   Thumb Code     0  startup_msp432e401y_uvision.o(.text)
    TIMER2B_IRQHandler                       0x000002cb   Thumb Code     0  startup_msp432e401y_uvision.o(.text)
    TIMER3A_IRQHandler                       0x000002cb   Thumb Code     0  startup_msp432e401y_uvision.o(.text)
    TIMER3B_IRQHandler                       0x000002cb   Thumb Code     0  startup_msp432e401y_uvision.o(.text)
    TIMER4A_IRQHandler                       0x000002cb   Thumb Code     0  startup_msp432e401y_uvision.o(.text)
    TIMER4B_IRQHandler                       0x000002cb   Thumb Code     0  startup_msp432e401y_uvision.o(.text)
    TIMER5A_IRQHandler                       0x000002cb   Thumb Code     0  startup_msp432e401y_uvision.o(.text)
    TIMER5B_IRQHandler                       0x000002cb   Thumb Code     0  startup_msp432e401y_uvision.o(.text)
    TIMER6A_IRQHandler                       0x000002cb   Thumb Code     0  startup_msp432e401y_uvision.o(.text)
    TIMER6B_IRQHandler                       0x000002cb   Thumb Code     0  startup_msp432e401y_uvision.o(.text)
    TIMER7A_IRQHandler                       0x000002cb   Thumb Code     0  startup_msp432e401y_uvision.o(.text)
    TIMER7B_IRQHandler                       0x000002cb   Thumb Code     0  startup_msp432e401y_uvision.o(.text)
    UART0_IRQHandler                         0x000002cb   Thumb Code     0  startup_msp432e401y_uvision.o(.text)
    UART1_IRQHandler                         0x000002cb   Thumb Code     0  startup_msp432e401y_uvision.o(.text)
    UART2_IRQHandler                         0x000002cb   Thumb Code     0  startup_msp432e401y_uvision.o(.text)
    UART3_IRQHandler                         0x000002cb   Thumb Code     0  startup_msp432e401y_uvision.o(.text)
    UART4_IRQHandler                         0x000002cb   Thumb Code     0  startup_msp432e401y_uvision.o(.text)
    UART5_IRQHandler                         0x000002cb   Thumb Code     0  startup_msp432e401y_uvision.o(.text)
    UART6_IRQHandler                         0x000002cb   Thumb Code     0  startup_msp432e401y_uvision.o(.text)
    UART7_IRQHandler                         0x000002cb   Thumb Code     0  startup_msp432e401y_uvision.o(.text)
    UDMAERR_IRQHandler                       0x000002cb   Thumb Code     0  startup_msp432e401y_uvision.o(.text)
    UDMA_IRQHandler                          0x000002cb   Thumb Code     0  startup_msp432e401y_uvision.o(.text)
    USB0_IRQHandler                          0x000002cb   Thumb Code     0  startup_msp432e401y_uvision.o(.text)
    WATCHDOG_IRQHandler                      0x000002cb   Thumb Code     0  startup_msp432e401y_uvision.o(.text)
    __user_initial_stackheap                 0x000002cd   Thumb Code    10  startup_msp432e401y_uvision.o(.text)
    __2sprintf                               0x000002ed   Thumb Code    34  noretval__2sprintf.o(.text)
    __printf                                 0x00000315   Thumb Code   104  __printf.o(.text)
    _printf_int_dec                          0x0000037d   Thumb Code   104  _printf_dec.o(.text)
    _printf_int_hex                          0x000003f5   Thumb Code    84  _printf_hex_int.o(.text)
    _printf_longlong_hex                     0x000003f5   Thumb Code     0  _printf_hex_int.o(.text)
    __use_two_region_memory                  0x0000044d   Thumb Code     2  heapauxi.o(.text)
    __rt_heap_escrow$2region                 0x0000044f   Thumb Code     2  heapauxi.o(.text)
    __rt_heap_expand$2region                 0x00000451   Thumb Code     2  heapauxi.o(.text)
    _printf_int_common                       0x00000453   Thumb Code   178  _printf_intcommon.o(.text)
    _printf_char_common                      0x0000050f   Thumb Code    32  _printf_char_common.o(.text)
    _sputc                                   0x00000535   Thumb Code    10  _sputc.o(.text)
    __user_setup_stackheap                   0x0000053f   Thumb Code    74  sys_stackheap_outer.o(.text)
    exit                                     0x00000589   Thumb Code    18  exit.o(.text)
    __user_libspace                          0x0000059d   Thumb Code     8  libspace.o(.text)
    __user_perproc_libspace                  0x0000059d   Thumb Code     0  libspace.o(.text)
    __user_perthread_libspace                0x0000059d   Thumb Code     0  libspace.o(.text)
    _sys_exit                                0x000005a5   Thumb Code     8  sys_exit.o(.text)
    __I$use$semihosting                      0x000005b1   Thumb Code     0  use_no_semi.o(.text)
    __use_no_semihosting_swi                 0x000005b1   Thumb Code     2  use_no_semi.o(.text)
    __semihosting_library_function           0x000005b3   Thumb Code     0  indicate_semi.o(.text)
    FlashAllLEDs                             0x000005b5   Thumb Code    78  onboardleds.o(i.FlashAllLEDs)
    FlashI2CError                            0x00000611   Thumb Code    20  onboardleds.o(i.FlashI2CError)
    FlashI2CRx                               0x00000625   Thumb Code    10  onboardleds.o(i.FlashI2CRx)
    FlashI2CTx                               0x0000062f   Thumb Code    10  onboardleds.o(i.FlashI2CTx)
    FlashLED1                                0x00000639   Thumb Code    58  onboardleds.o(i.FlashLED1)
    FlashLED2                                0x0000067d   Thumb Code    58  onboardleds.o(i.FlashLED2)
    FlashLED3                                0x000006c1   Thumb Code    58  onboardleds.o(i.FlashLED3)
    FlashLED4                                0x00000705   Thumb Code    58  onboardleds.o(i.FlashLED4)
    I2C_Init                                 0x00000749   Thumb Code   114  2dx4_ds90-1.o(i.I2C_Init)
    PLL_Init                                 0x000007d5   Thumb Code   280  pll.o(i.PLL_Init)
    Status_Check                             0x000008f9   Thumb Code    46  uart.o(i.Status_Check)
    SysTick_Init                             0x00000951   Thumb Code    24  systick.o(i.SysTick_Init)
    SysTick_Wait                             0x00000969   Thumb Code    32  systick.o(i.SysTick_Wait)
    SysTick_Wait10ms                         0x00000989   Thumb Code    22  systick.o(i.SysTick_Wait10ms)
    SystemInit                               0x000009a5   Thumb Code    20  system_msp432e401y.o(i.SystemInit)
    UART_Init                                0x000009c5   Thumb Code   172  uart.o(i.UART_Init)
    UART_OutChar                             0x00000a91   Thumb Code    20  uart.o(i.UART_OutChar)
    UART_printf                              0x00000aa9   Thumb Code    24  uart.o(i.UART_printf)
    VL53L1X_BootState                        0x00000ac1   Thumb Code    34  vl53l1x_api.o(i.VL53L1X_BootState)
    VL53L1X_CheckForDataReady                0x00000ae3   Thumb Code    62  vl53l1x_api.o(i.VL53L1X_CheckForDataReady)
    VL53L1X_ClearInterrupt                   0x00000b21   Thumb Code    22  vl53l1x_api.o(i.VL53L1X_ClearInterrupt)
    VL53L1X_GetDistance                      0x00000b37   Thumb Code    30  vl53l1x_api.o(i.VL53L1X_GetDistance)
    VL53L1X_GetInterruptPolarity             0x00000b55   Thumb Code    50  vl53l1x_api.o(i.VL53L1X_GetInterruptPolarity)
    VL53L1X_GetRangeStatus                   0x00000b89   Thumb Code    56  vl53l1x_api.o(i.VL53L1X_GetRangeStatus)
    VL53L1X_GetSensorId                      0x00000bc5   Thumb Code    36  vl53l1x_api.o(i.VL53L1X_GetSensorId)
    VL53L1X_SensorInit                       0x00000be9   Thumb Code   174  vl53l1x_api.o(i.VL53L1X_SensorInit)
    VL53L1X_StartRanging                     0x00000ce5   Thumb Code    22  vl53l1x_api.o(i.VL53L1X_StartRanging)
    VL53L1X_StopRanging                      0x00000cfb   Thumb Code    22  vl53l1x_api.o(i.VL53L1X_StopRanging)
    VL53L1_RdByte                            0x00000d11   Thumb Code    36  vl53l1_platform_2dx4.o(i.VL53L1_RdByte)
    VL53L1_RdWord                            0x00000d35   Thumb Code    56  vl53l1_platform_2dx4.o(i.VL53L1_RdWord)
    VL53L1_WaitMs                            0x00000d6d   Thumb Code    26  vl53l1_platform_2dx4.o(i.VL53L1_WaitMs)
    VL53L1_WrByte                            0x00000d8d   Thumb Code    30  vl53l1_platform_2dx4.o(i.VL53L1_WrByte)
    beginRxI2C                               0x00000dad   Thumb Code    24  vl53l1_platform_2dx4.o(i.beginRxI2C)
    beginTxI2C                               0x00000dc9   Thumb Code    24  vl53l1_platform_2dx4.o(i.beginTxI2C)
    main                                     0x00000de5   Thumb Code   430  2dx4_ds90-1.o(i.main)
    onboardLEDs_Init                         0x00001061   Thumb Code   172  onboardleds.o(i.onboardLEDs_Init)
    readI2C                                  0x00001125   Thumb Code    70  vl53l1_platform_2dx4.o(i.readI2C)
    writeI2C                                 0x00001171   Thumb Code   154  vl53l1_platform_2dx4.o(i.writeI2C)
    writeRegisterIndex                       0x00001211   Thumb Code   132  vl53l1_platform_2dx4.o(i.writeRegisterIndex)
    writeRegisterIndex_nostop                0x00001299   Thumb Code   132  vl53l1_platform_2dx4.o(i.writeRegisterIndex_nostop)
    _fp_init                                 0x00001321   Thumb Code    10  fpinit.o(x$fpl$fpinit)
    __fplib_config_fpu_vfp                   0x00001329   Thumb Code     0  fpinit.o(x$fpl$fpinit)
    __fplib_config_pureend_doubles           0x00001329   Thumb Code     0  fpinit.o(x$fpl$fpinit)
    VL51L1X_DEFAULT_CONFIGURATION            0x0000132a   Data          91  vl53l1x_api.o(.constdata)
    Region$$Table$$Base                      0x000013c8   Number         0  anon$$obj.o(Region$$Table)
    Region$$Table$$Limit                     0x000013e8   Number         0  anon$$obj.o(Region$$Table)
    dev                                      0x20000000   Data           2  2dx4_ds90-1.o(.data)
    status                                   0x20000004   Data           4  2dx4_ds90-1.o(.data)
    IntCount                                 0x20000008   Data           4  2dx4_ds90-1.o(.data)
    SystemCoreClock                          0x2000000c   Data           4  system_msp432e401y.o(.data)
    debugArray                               0x20000810   Data         200  2dx4_ds90-1.o(.bss)
    __libspace_start                         0x200008d8   Data          96  libspace.o(.bss)
    __temporary_stack_top$libspace           0x20000938   Data           0  libspace.o(.bss)



==============================================================================

Memory Map of the image

  Image Entry point : 0x000002b1

  Load Region LR_1 (Base: 0x00000000, Size: 0x000013f8, Max: 0xffffffff, ABSOLUTE)

    Execution Region ER_RO (Exec base: 0x00000000, Load base: 0x00000000, Size: 0x000013e8, Max: 0xffffffff, ABSOLUTE)

    Exec Addr    Load Addr    Size         Type   Attr      Idx    E Section Name        Object

    0x00000000   0x00000000   0x000001fc   Data   RO          594    RESET               startup_msp432e401y_uvision.o
    0x000001fc   0x000001fc   0x00000008   Code   RO          715  * !!!main             c_w.l(__main.o)
    0x00000204   0x00000204   0x00000034   Code   RO          902    !!!scatter          c_w.l(__scatter.o)
    0x00000238   0x00000238   0x0000001a   Code   RO          904    !!handler_copy      c_w.l(__scatter_copy.o)
    0x00000252   0x00000252   0x00000002   PAD
    0x00000254   0x00000254   0x0000001c   Code   RO          906    !!handler_zi        c_w.l(__scatter_zi.o)
    0x00000270   0x00000270   0x00000000   Code   RO          712    .ARM.Collect$$_printf_percent$$00000000  c_w.l(_printf_percent.o)
    0x00000270   0x00000270   0x00000006   Code   RO          710    .ARM.Collect$$_printf_percent$$00000009  c_w.l(_printf_d.o)
    0x00000276   0x00000276   0x00000006   Code   RO          711    .ARM.Collect$$_printf_percent$$0000000A  c_w.l(_printf_u.o)
    0x0000027c   0x0000027c   0x00000006   Code   RO          709    .ARM.Collect$$_printf_percent$$0000000C  c_w.l(_printf_x.o)
    0x00000282   0x00000282   0x00000004   Code   RO          740    .ARM.Collect$$_printf_percent$$00000017  c_w.l(_printf_percent_end.o)
    0x00000286   0x00000286   0x00000002   Code   RO          772    .ARM.Collect$$libinit$$00000000  c_w.l(libinit.o)
    0x00000288   0x00000288   0x00000004   Code   RO          778    .ARM.Collect$$libinit$$00000001  c_w.l(libinit2.o)
    0x0000028c   0x0000028c   0x00000000   Code   RO          781    .ARM.Collect$$libinit$$00000004  c_w.l(libinit2.o)
    0x0000028c   0x0000028c   0x00000000   Code   RO          784    .ARM.Collect$$libinit$$0000000A  c_w.l(libinit2.o)
    0x0000028c   0x0000028c   0x00000000   Code   RO          786    .ARM.Collect$$libinit$$0000000C  c_w.l(libinit2.o)
    0x0000028c   0x0000028c   0x00000000   Code   RO          788    .ARM.Collect$$libinit$$0000000E  c_w.l(libinit2.o)
    0x0000028c   0x0000028c   0x00000000   Code   RO          791    .ARM.Collect$$libinit$$00000011  c_w.l(libinit2.o)
    0x0000028c   0x0000028c   0x00000000   Code   RO          793    .ARM.Collect$$libinit$$00000013  c_w.l(libinit2.o)
    0x0000028c   0x0000028c   0x00000000   Code   RO          795    .ARM.Collect$$libinit$$00000015  c_w.l(libinit2.o)
    0x0000028c   0x0000028c   0x00000000   Code   RO          797    .ARM.Collect$$libinit$$00000017  c_w.l(libinit2.o)
    0x0000028c   0x0000028c   0x00000000   Code   RO          799    .ARM.Collect$$libinit$$00000019  c_w.l(libinit2.o)
    0x0000028c   0x0000028c   0x00000000   Code   RO          801    .ARM.Collect$$libinit$$0000001B  c_w.l(libinit2.o)
    0x0000028c   0x0000028c   0x00000000   Code   RO          803    .ARM.Collect$$libinit$$0000001D  c_w.l(libinit2.o)
    0x0000028c   0x0000028c   0x00000000   Code   RO          805    .ARM.Collect$$libinit$$0000001F  c_w.l(libinit2.o)
    0x0000028c   0x0000028c   0x00000000   Code   RO          807    .ARM.Collect$$libinit$$00000021  c_w.l(libinit2.o)
    0x0000028c   0x0000028c   0x00000000   Code   RO          809    .ARM.Collect$$libinit$$00000023  c_w.l(libinit2.o)
    0x0000028c   0x0000028c   0x00000000   Code   RO          811    .ARM.Collect$$libinit$$00000025  c_w.l(libinit2.o)
    0x0000028c   0x0000028c   0x00000000   Code   RO          815    .ARM.Collect$$libinit$$0000002C  c_w.l(libinit2.o)
    0x0000028c   0x0000028c   0x00000000   Code   RO          817    .ARM.Collect$$libinit$$0000002E  c_w.l(libinit2.o)
    0x0000028c   0x0000028c   0x00000000   Code   RO          819    .ARM.Collect$$libinit$$00000030  c_w.l(libinit2.o)
    0x0000028c   0x0000028c   0x00000000   Code   RO          821    .ARM.Collect$$libinit$$00000032  c_w.l(libinit2.o)
    0x0000028c   0x0000028c   0x00000002   Code   RO          822    .ARM.Collect$$libinit$$00000033  c_w.l(libinit2.o)
    0x0000028e   0x0000028e   0x00000002   Code   RO          842    .ARM.Collect$$libshutdown$$00000000  c_w.l(libshutdown.o)
    0x00000290   0x00000290   0x00000000   Code   RO          855    .ARM.Collect$$libshutdown$$00000002  c_w.l(libshutdown2.o)
    0x00000290   0x00000290   0x00000000   Code   RO          857    .ARM.Collect$$libshutdown$$00000004  c_w.l(libshutdown2.o)
    0x00000290   0x00000290   0x00000000   Code   RO          860    .ARM.Collect$$libshutdown$$00000007  c_w.l(libshutdown2.o)
    0x00000290   0x00000290   0x00000000   Code   RO          863    .ARM.Collect$$libshutdown$$0000000A  c_w.l(libshutdown2.o)
    0x00000290   0x00000290   0x00000000   Code   RO          865    .ARM.Collect$$libshutdown$$0000000C  c_w.l(libshutdown2.o)
    0x00000290   0x00000290   0x00000000   Code   RO          868    .ARM.Collect$$libshutdown$$0000000F  c_w.l(libshutdown2.o)
    0x00000290   0x00000290   0x00000002   Code   RO          869    .ARM.Collect$$libshutdown$$00000010  c_w.l(libshutdown2.o)
    0x00000292   0x00000292   0x00000000   Code   RO          733    .ARM.Collect$$rtentry$$00000000  c_w.l(__rtentry.o)
    0x00000292   0x00000292   0x00000000   Code   RO          747    .ARM.Collect$$rtentry$$00000002  c_w.l(__rtentry2.o)
    0x00000292   0x00000292   0x00000006   Code   RO          759    .ARM.Collect$$rtentry$$00000004  c_w.l(__rtentry4.o)
    0x00000298   0x00000298   0x00000000   Code   RO          749    .ARM.Collect$$rtentry$$00000009  c_w.l(__rtentry2.o)
    0x00000298   0x00000298   0x00000004   Code   RO          750    .ARM.Collect$$rtentry$$0000000A  c_w.l(__rtentry2.o)
    0x0000029c   0x0000029c   0x00000000   Code   RO          752    .ARM.Collect$$rtentry$$0000000C  c_w.l(__rtentry2.o)
    0x0000029c   0x0000029c   0x00000008   Code   RO          753    .ARM.Collect$$rtentry$$0000000D  c_w.l(__rtentry2.o)
    0x000002a4   0x000002a4   0x00000002   Code   RO          776    .ARM.Collect$$rtexit$$00000000  c_w.l(rtexit.o)
    0x000002a6   0x000002a6   0x00000000   Code   RO          824    .ARM.Collect$$rtexit$$00000002  c_w.l(rtexit2.o)
    0x000002a6   0x000002a6   0x00000004   Code   RO          825    .ARM.Collect$$rtexit$$00000003  c_w.l(rtexit2.o)
    0x000002aa   0x000002aa   0x00000006   Code   RO          826    .ARM.Collect$$rtexit$$00000004  c_w.l(rtexit2.o)
    0x000002b0   0x000002b0   0x0000003c   Code   RO          595  * .text               startup_msp432e401y_uvision.o
    0x000002ec   0x000002ec   0x00000028   Code   RO          662    .text               c_w.l(noretval__2sprintf.o)
    0x00000314   0x00000314   0x00000068   Code   RO          664    .text               c_w.l(__printf.o)
    0x0000037c   0x0000037c   0x00000078   Code   RO          666    .text               c_w.l(_printf_dec.o)
    0x000003f4   0x000003f4   0x00000058   Code   RO          671    .text               c_w.l(_printf_hex_int.o)
    0x0000044c   0x0000044c   0x00000006   Code   RO          713    .text               c_w.l(heapauxi.o)
    0x00000452   0x00000452   0x000000b2   Code   RO          734    .text               c_w.l(_printf_intcommon.o)
    0x00000504   0x00000504   0x00000030   Code   RO          736    .text               c_w.l(_printf_char_common.o)
    0x00000534   0x00000534   0x0000000a   Code   RO          738    .text               c_w.l(_sputc.o)
    0x0000053e   0x0000053e   0x0000004a   Code   RO          763    .text               c_w.l(sys_stackheap_outer.o)
    0x00000588   0x00000588   0x00000012   Code   RO          765    .text               c_w.l(exit.o)
    0x0000059a   0x0000059a   0x00000002   PAD
    0x0000059c   0x0000059c   0x00000008   Code   RO          773    .text               c_w.l(libspace.o)
    0x000005a4   0x000005a4   0x0000000c   Code   RO          834    .text               c_w.l(sys_exit.o)
    0x000005b0   0x000005b0   0x00000002   Code   RO          845    .text               c_w.l(use_no_semi.o)
    0x000005b2   0x000005b2   0x00000000   Code   RO          847    .text               c_w.l(indicate_semi.o)
    0x000005b2   0x000005b2   0x00000002   PAD
    0x000005b4   0x000005b4   0x0000005c   Code   RO          449    i.FlashAllLEDs      onboardleds.o
    0x00000610   0x00000610   0x00000014   Code   RO          450    i.FlashI2CError     onboardleds.o
    0x00000624   0x00000624   0x0000000a   Code   RO          451    i.FlashI2CRx        onboardleds.o
    0x0000062e   0x0000062e   0x0000000a   Code   RO          452    i.FlashI2CTx        onboardleds.o
    0x00000638   0x00000638   0x00000044   Code   RO          453    i.FlashLED1         onboardleds.o
    0x0000067c   0x0000067c   0x00000044   Code   RO          454    i.FlashLED2         onboardleds.o
    0x000006c0   0x000006c0   0x00000044   Code   RO          455    i.FlashLED3         onboardleds.o
    0x00000704   0x00000704   0x00000044   Code   RO          456    i.FlashLED4         onboardleds.o
    0x00000748   0x00000748   0x0000008c   Code   RO          551    i.I2C_Init          2dx4_ds90-1.o
    0x000007d4   0x000007d4   0x00000124   Code   RO            1    i.PLL_Init          pll.o
    0x000008f8   0x000008f8   0x00000058   Code   RO          509    i.Status_Check      uart.o
    0x00000950   0x00000950   0x00000018   Code   RO           21    i.SysTick_Init      systick.o
    0x00000968   0x00000968   0x00000020   Code   RO           22    i.SysTick_Wait      systick.o
    0x00000988   0x00000988   0x0000001c   Code   RO           23    i.SysTick_Wait10ms  systick.o
    0x000009a4   0x000009a4   0x00000020   Code   RO          604    i.SystemInit        system_msp432e401y.o
    0x000009c4   0x000009c4   0x000000cc   Code   RO          511    i.UART_Init         uart.o
    0x00000a90   0x00000a90   0x00000018   Code   RO          512    i.UART_OutChar      uart.o
    0x00000aa8   0x00000aa8   0x00000018   Code   RO          513    i.UART_printf       uart.o
    0x00000ac0   0x00000ac0   0x00000022   Code   RO          173    i.VL53L1X_BootState  vl53l1x_api.o
    0x00000ae2   0x00000ae2   0x0000003e   Code   RO          174    i.VL53L1X_CheckForDataReady  vl53l1x_api.o
    0x00000b20   0x00000b20   0x00000016   Code   RO          175    i.VL53L1X_ClearInterrupt  vl53l1x_api.o
    0x00000b36   0x00000b36   0x0000001e   Code   RO          178    i.VL53L1X_GetDistance  vl53l1x_api.o
    0x00000b54   0x00000b54   0x00000032   Code   RO          184    i.VL53L1X_GetInterruptPolarity  vl53l1x_api.o
    0x00000b86   0x00000b86   0x00000002   PAD
    0x00000b88   0x00000b88   0x0000003c   Code   RO          188    i.VL53L1X_GetRangeStatus  vl53l1x_api.o
    0x00000bc4   0x00000bc4   0x00000024   Code   RO          191    i.VL53L1X_GetSensorId  vl53l1x_api.o
    0x00000be8   0x00000be8   0x000000fc   Code   RO          199    i.VL53L1X_SensorInit  vl53l1x_api.o
    0x00000ce4   0x00000ce4   0x00000016   Code   RO          212    i.VL53L1X_StartRanging  vl53l1x_api.o
    0x00000cfa   0x00000cfa   0x00000016   Code   RO          214    i.VL53L1X_StopRanging  vl53l1x_api.o
    0x00000d10   0x00000d10   0x00000024   Code   RO           45    i.VL53L1_RdByte     vl53l1_platform_2dx4.o
    0x00000d34   0x00000d34   0x00000038   Code   RO           47    i.VL53L1_RdWord     vl53l1_platform_2dx4.o
    0x00000d6c   0x00000d6c   0x00000020   Code   RO           49    i.VL53L1_WaitMs     vl53l1_platform_2dx4.o
    0x00000d8c   0x00000d8c   0x0000001e   Code   RO           50    i.VL53L1_WrByte     vl53l1_platform_2dx4.o
    0x00000daa   0x00000daa   0x00000002   PAD
    0x00000dac   0x00000dac   0x0000001c   Code   RO           54    i.beginRxI2C        vl53l1_platform_2dx4.o
    0x00000dc8   0x00000dc8   0x0000001c   Code   RO           55    i.beginTxI2C        vl53l1_platform_2dx4.o
    0x00000de4   0x00000de4   0x0000027c   Code   RO          554    i.main              2dx4_ds90-1.o
    0x00001060   0x00001060   0x000000c4   Code   RO          457    i.onboardLEDs_Init  onboardleds.o
    0x00001124   0x00001124   0x0000004c   Code   RO           56    i.readI2C           vl53l1_platform_2dx4.o
    0x00001170   0x00001170   0x000000a0   Code   RO           57    i.writeI2C          vl53l1_platform_2dx4.o
    0x00001210   0x00001210   0x00000088   Code   RO           58    i.writeRegisterIndex  vl53l1_platform_2dx4.o
    0x00001298   0x00001298   0x00000088   Code   RO           59    i.writeRegisterIndex_nostop  vl53l1_platform_2dx4.o
    0x00001320   0x00001320   0x0000000a   Code   RO          832    x$fpl$fpinit        fz_wm.l(fpinit.o)
    0x0000132a   0x0000132a   0x00000073   Data   RO          216    .constdata          vl53l1x_api.o
    0x0000139d   0x0000139d   0x00000028   Data   RO          672    .constdata          c_w.l(_printf_hex_int.o)
    0x000013c5   0x000013c5   0x00000003   PAD
    0x000013c8   0x000013c8   0x00000020   Data   RO          900    Region$$Table       anon$$obj.o


    Execution Region ER_RW (Exec base: 0x20000000, Load base: 0x000013e8, Size: 0x00000010, Max: 0xffffffff, ABSOLUTE)

    Exec Addr    Load Addr    Size         Type   Attr      Idx    E Section Name        Object

    0x20000000   0x000013e8   0x0000000c   Data   RW          556    .data               2dx4_ds90-1.o
    0x2000000c   0x000013f4   0x00000004   Data   RW          605    .data               system_msp432e401y.o


    Execution Region ER_ZI (Exec base: 0x20000010, Load base: 0x000013f8, Size: 0x00000b28, Max: 0xffffffff, ABSOLUTE)

    Exec Addr    Load Addr    Size         Type   Attr      Idx    E Section Name        Object

    0x20000010        -       0x000003ff   Zero   RW          514    .bss                uart.o
    0x2000040f   0x000013f8   0x00000001   PAD
    0x20000410        -       0x000004c8   Zero   RW          555    .bss                2dx4_ds90-1.o
    0x200008d8        -       0x00000060   Zero   RW          774    .bss                c_w.l(libspace.o)
    0x20000938        -       0x00000000   Zero   RW          593    HEAP                startup_msp432e401y_uvision.o
    0x20000938        -       0x00000200   Zero   RW          592    STACK               startup_msp432e401y_uvision.o


==============================================================================

Image component sizes


      Code (inc. data)   RO Data    RW Data    ZI Data      Debug   Object Name

       776        232          0         12       1224       2591   2dx4_ds90-1.o
       600         78          0          0          0       4316   onboardleds.o
       292         12          0          0          0       5019   pll.o
        60         22        508          0        512        928   startup_msp432e401y_uvision.o
        32         12          0          4          0        687   system_msp432e401y.o
        84          6          0          0          0       2121   systick.o
       340         78          0          0       1023       2076   uart.o
       718         34          0          0          0       6828   vl53l1_platform_2dx4.o
       590         82        115          0          0       9263   vl53l1x_api.o

    ----------------------------------------------------------------------
      3496        556        655         16       2760      33829   Object Totals
         0          0         32          0          0          0   (incl. Generated)
         4          0          0          0          1          0   (incl. Padding)

    ----------------------------------------------------------------------

      Code (inc. data)   RO Data    RW Data    ZI Data      Debug   Library Member Name

         8          0          0          0          0         68   __main.o
       104          0          0          0          0         84   __printf.o
         0          0          0          0          0          0   __rtentry.o
        12          0          0          0          0          0   __rtentry2.o
         6          0          0          0          0          0   __rtentry4.o
        52          8          0          0          0          0   __scatter.o
        26          0          0          0          0          0   __scatter_copy.o
        28          0          0          0          0          0   __scatter_zi.o
        48          6          0          0          0         96   _printf_char_common.o
         6          0          0          0          0          0   _printf_d.o
       120         16          0          0          0         92   _printf_dec.o
        88          4         40          0          0         88   _printf_hex_int.o
       178          0          0          0          0         88   _printf_intcommon.o
         0          0          0          0          0          0   _printf_percent.o
         4          0          0          0          0          0   _printf_percent_end.o
         6          0          0          0          0          0   _printf_u.o
         6          0          0          0          0          0   _printf_x.o
        10          0          0          0          0         68   _sputc.o
        18          0          0          0          0         80   exit.o
         6          0          0          0          0        152   heapauxi.o
         0          0          0          0          0          0   indicate_semi.o
         2          0          0          0          0          0   libinit.o
         6          0          0          0          0          0   libinit2.o
         2          0          0          0          0          0   libshutdown.o
         2          0          0          0          0          0   libshutdown2.o
         8          4          0          0         96         68   libspace.o
        40          6          0          0          0         84   noretval__2sprintf.o
         2          0          0          0          0          0   rtexit.o
        10          0          0          0          0          0   rtexit2.o
        12          4          0          0          0         68   sys_exit.o
        74          0          0          0          0         80   sys_stackheap_outer.o
         2          0          0          0          0         68   use_no_semi.o
        10          0          0          0          0        116   fpinit.o

    ----------------------------------------------------------------------
       902         48         43          0         96       1300   Library Totals
         6          0          3          0          0          0   (incl. Padding)

    ----------------------------------------------------------------------

      Code (inc. data)   RO Data    RW Data    ZI Data      Debug   Library Name

       886         48         40          0         96       1184   c_w.l
        10          0          0          0          0        116   fz_wm.l

    ----------------------------------------------------------------------
       902         48         43          0         96       1300   Library Totals

    ----------------------------------------------------------------------

==============================================================================


      Code (inc. data)   RO Data    RW Data    ZI Data      Debug   

      4398        604        698         16       2856      31009   Grand Totals
      4398        604        698         16       2856      31009   ELF Image Totals
      4398        604        698         16          0          0   ROM Totals

==============================================================================

    Total RO  Size (Code + RO Data)                 5096 (   4.98kB)
    Total RW  Size (RW Data + ZI Data)              2872 (   2.80kB)
    Total ROM Size (Code + RO Data + RW Data)       5112 (   4.99kB)

==============================================================================

